Archive member included to satisfy reference by file (symbol)

c:/program files (x86)/atmel/studio/7.0/toolchain/avr8/avr8-gnu-toolchain/bin/../lib/gcc/avr/5.4.0/../../../../avr/lib/avr5\libm.a(addsf3.o)
                              System/TempSensor.o (__addsf3)
c:/program files (x86)/atmel/studio/7.0/toolchain/avr8/avr8-gnu-toolchain/bin/../lib/gcc/avr/5.4.0/../../../../avr/lib/avr5\libm.a(addsf3x.o)
                              c:/program files (x86)/atmel/studio/7.0/toolchain/avr8/avr8-gnu-toolchain/bin/../lib/gcc/avr/5.4.0/../../../../avr/lib/avr5\libm.a(addsf3.o) (__addsf3x)
c:/program files (x86)/atmel/studio/7.0/toolchain/avr8/avr8-gnu-toolchain/bin/../lib/gcc/avr/5.4.0/../../../../avr/lib/avr5\libm.a(fixunssfsi.o)
                              System/TempSensor.o (__fixunssfsi)
c:/program files (x86)/atmel/studio/7.0/toolchain/avr8/avr8-gnu-toolchain/bin/../lib/gcc/avr/5.4.0/../../../../avr/lib/avr5\libm.a(floatsisf.o)
                              System/TempSensor.o (__floatunsisf)
c:/program files (x86)/atmel/studio/7.0/toolchain/avr8/avr8-gnu-toolchain/bin/../lib/gcc/avr/5.4.0/../../../../avr/lib/avr5\libm.a(fp_inf.o)
                              c:/program files (x86)/atmel/studio/7.0/toolchain/avr8/avr8-gnu-toolchain/bin/../lib/gcc/avr/5.4.0/../../../../avr/lib/avr5\libm.a(addsf3x.o) (__fp_inf)
c:/program files (x86)/atmel/studio/7.0/toolchain/avr8/avr8-gnu-toolchain/bin/../lib/gcc/avr/5.4.0/../../../../avr/lib/avr5\libm.a(fp_nan.o)
                              c:/program files (x86)/atmel/studio/7.0/toolchain/avr8/avr8-gnu-toolchain/bin/../lib/gcc/avr/5.4.0/../../../../avr/lib/avr5\libm.a(addsf3x.o) (__fp_nan)
c:/program files (x86)/atmel/studio/7.0/toolchain/avr8/avr8-gnu-toolchain/bin/../lib/gcc/avr/5.4.0/../../../../avr/lib/avr5\libm.a(fp_pscA.o)
                              c:/program files (x86)/atmel/studio/7.0/toolchain/avr8/avr8-gnu-toolchain/bin/../lib/gcc/avr/5.4.0/../../../../avr/lib/avr5\libm.a(addsf3x.o) (__fp_pscA)
c:/program files (x86)/atmel/studio/7.0/toolchain/avr8/avr8-gnu-toolchain/bin/../lib/gcc/avr/5.4.0/../../../../avr/lib/avr5\libm.a(fp_pscB.o)
                              c:/program files (x86)/atmel/studio/7.0/toolchain/avr8/avr8-gnu-toolchain/bin/../lib/gcc/avr/5.4.0/../../../../avr/lib/avr5\libm.a(addsf3x.o) (__fp_pscB)
c:/program files (x86)/atmel/studio/7.0/toolchain/avr8/avr8-gnu-toolchain/bin/../lib/gcc/avr/5.4.0/../../../../avr/lib/avr5\libm.a(fp_round.o)
                              c:/program files (x86)/atmel/studio/7.0/toolchain/avr8/avr8-gnu-toolchain/bin/../lib/gcc/avr/5.4.0/../../../../avr/lib/avr5\libm.a(addsf3.o) (__fp_round)
c:/program files (x86)/atmel/studio/7.0/toolchain/avr8/avr8-gnu-toolchain/bin/../lib/gcc/avr/5.4.0/../../../../avr/lib/avr5\libm.a(fp_split3.o)
                              c:/program files (x86)/atmel/studio/7.0/toolchain/avr8/avr8-gnu-toolchain/bin/../lib/gcc/avr/5.4.0/../../../../avr/lib/avr5\libm.a(addsf3x.o) (__fp_split3)
c:/program files (x86)/atmel/studio/7.0/toolchain/avr8/avr8-gnu-toolchain/bin/../lib/gcc/avr/5.4.0/../../../../avr/lib/avr5\libm.a(fp_zero.o)
                              c:/program files (x86)/atmel/studio/7.0/toolchain/avr8/avr8-gnu-toolchain/bin/../lib/gcc/avr/5.4.0/../../../../avr/lib/avr5\libm.a(addsf3x.o) (__fp_zero)
c:/program files (x86)/atmel/studio/7.0/toolchain/avr8/avr8-gnu-toolchain/bin/../lib/gcc/avr/5.4.0/../../../../avr/lib/avr5\libm.a(mulsf3.o)
                              System/TempSensor.o (__mulsf3)
c:/program files (x86)/atmel/studio/7.0/toolchain/avr8/avr8-gnu-toolchain/bin/../lib/gcc/avr/5.4.0/../../../../avr/lib/avr5\libm.a(mulsf3x.o)
                              c:/program files (x86)/atmel/studio/7.0/toolchain/avr8/avr8-gnu-toolchain/bin/../lib/gcc/avr/5.4.0/../../../../avr/lib/avr5\libm.a(mulsf3.o) (__mulsf3x)
c:/program files (x86)/atmel/studio/7.0/toolchain/avr8/avr8-gnu-toolchain/bin/../lib/gcc/avr/5.4.0/avr5\libgcc.a(_divmodhi4.o)
                              Drivers/Pwm.o (__divmodhi4)
c:/program files (x86)/atmel/studio/7.0/toolchain/avr8/avr8-gnu-toolchain/bin/../lib/gcc/avr/5.4.0/avr5\libgcc.a(_udivmodsi4.o)
                              Drivers/Pwm.o (__udivmodsi4)
c:/program files (x86)/atmel/studio/7.0/toolchain/avr8/avr8-gnu-toolchain/bin/../lib/gcc/avr/5.4.0/avr5\libgcc.a(_exit.o)
                              C:/Program Files (x86)/Atmel/Studio/7.0/Packs/atmel/ATmega_DFP/1.7.374/gcc/dev/atmega328p/avr5/crtatmega328p.o (exit)
c:/program files (x86)/atmel/studio/7.0/toolchain/avr8/avr8-gnu-toolchain/bin/../lib/gcc/avr/5.4.0/avr5\libgcc.a(_copy_data.o)
                              Appl/OvenTempControl.o (__do_copy_data)
c:/program files (x86)/atmel/studio/7.0/toolchain/avr8/avr8-gnu-toolchain/bin/../lib/gcc/avr/5.4.0/avr5\libgcc.a(_clear_bss.o)
                              Appl/Appl.o (__do_clear_bss)
c:/program files (x86)/atmel/studio/7.0/toolchain/avr8/avr8-gnu-toolchain/bin/../lib/gcc/avr/5.4.0/avr5\libgcc.a(_udivmodhi4.o)
                              c:/program files (x86)/atmel/studio/7.0/toolchain/avr8/avr8-gnu-toolchain/bin/../lib/gcc/avr/5.4.0/avr5\libgcc.a(_divmodhi4.o) (__udivmodhi4)

Allocating common symbols
Common symbol       size              file

Hms_1sec_Counter    0x2               System/Timer.o
AD_Channel          0x1               Hal/Hal.o
ADC_Buffer          0xc               Drivers/ADC.o
Adc_Step            0x1               Drivers/ADC.o
Temperature         0x4               System/TempSensor.o
Hal_Leds_Buffer     0x4               Hal/Hal.o
Current_Level       0x1               Appl/OvenTempControl.o
PlaySound           0x1               System/Sounds.o
tab                 0xc               Hal/Hal.o
Display_Keys_Map    0x1               System/Display.o
End_Cycle_Sound_Step
                    0x1               System/Sounds.o
AD_Sample           0xc               Hal/Hal.o
Hal_Analog_Inputs   0xc               Hal/Hal.o
AD_Mux_State        0x1               Hal/Hal.o
User_Action         0x1               Appl/Appl.o
AD_Counter          0x6               Hal/Hal.o
Hal_Keys_Buffer     0x1               Hal/Hal.o
PowerON_Sound_Step  0x1               System/Sounds.o
Key_Press_Sound_Step
                    0x1               System/Sounds.o
Timer_Counter       0x1               Appl/Appl.o
Sampling_Time       0x1               Drivers/ADC.o
Trigger             0x1               Appl/Appl.o
Toggle              0x1               Appl/Appl.o
Oven_TempControl_State
                    0x1               Appl/OvenTempControl.o
Slot                0x1               Appl/main.o
Adc_Channel         0x1               Drivers/ADC.o
Oven_Display_State  0x1               System/Display.o
Ms_Timers           0xf               System/Timer.o
Hms_Timers          0x1c              System/Timer.o
AD_Accumulator      0xc               Hal/Hal.o

Discarded input sections

 .data          0x00000000        0x0 C:/Program Files (x86)/Atmel/Studio/7.0/Packs/atmel/ATmega_DFP/1.7.374/gcc/dev/atmega328p/avr5/crtatmega328p.o
 .bss           0x00000000        0x0 C:/Program Files (x86)/Atmel/Studio/7.0/Packs/atmel/ATmega_DFP/1.7.374/gcc/dev/atmega328p/avr5/crtatmega328p.o
 .text          0x00000000        0x0 Appl/Appl.o
 .data          0x00000000        0x0 Appl/Appl.o
 .bss           0x00000000        0x0 Appl/Appl.o
 .text          0x00000000        0x0 Appl/main.o
 .data          0x00000000        0x0 Appl/main.o
 .bss           0x00000000        0x0 Appl/main.o
 .text          0x00000000        0x0 Appl/OvenTempControl.o
 .data          0x00000000        0x0 Appl/OvenTempControl.o
 .bss           0x00000000        0x0 Appl/OvenTempControl.o
 .text.OvenTempControl__GetState
                0x00000000        0x6 Appl/OvenTempControl.o
 .text          0x00000000        0x0 Drivers/ADC.o
 .data          0x00000000        0x0 Drivers/ADC.o
 .bss           0x00000000        0x0 Drivers/ADC.o
 .rodata.ADC_BIT_CLR_MASK
                0x00000000        0x6 Drivers/ADC.o
 .text          0x00000000        0x0 Drivers/GPIO.o
 .data          0x00000000        0x0 Drivers/GPIO.o
 .bss           0x00000000        0x0 Drivers/GPIO.o
 .text.GPIO_PIN_TOGGLE
                0x00000000       0x28 Drivers/GPIO.o
 .text          0x00000000        0x0 Drivers/Pwm.o
 .data          0x00000000        0x0 Drivers/Pwm.o
 .bss           0x00000000        0x0 Drivers/Pwm.o
 .text          0x00000000        0x0 Hal/Hal.o
 .data          0x00000000        0x0 Hal/Hal.o
 .bss           0x00000000        0x0 Hal/Hal.o
 .text.Hal_SetBuzzerDutyCycle
                0x00000000        0xa Hal/Hal.o
 .text          0x00000000        0x0 Hal/SevenSeg.o
 .data          0x00000000        0x0 Hal/SevenSeg.o
 .bss           0x00000000        0x0 Hal/SevenSeg.o
 .rodata.SEGMENT_MAP_DIGIT
                0x00000000        0xa Hal/SevenSeg.o
 .text          0x00000000        0x0 System/Display.o
 .data          0x00000000        0x0 System/Display.o
 .bss           0x00000000        0x0 System/Display.o
 .data.ptr_last_display_write
                0x00000000        0x2 System/Display.o
 .text          0x00000000        0x0 System/Sounds.o
 .data          0x00000000        0x0 System/Sounds.o
 .bss           0x00000000        0x0 System/Sounds.o
 .text.Sounds__GetSounds
                0x00000000        0x6 System/Sounds.o
 .bss.EndCycleSound_Counter
                0x00000000        0x1 System/Sounds.o
 .text          0x00000000        0x0 System/TempSensor.o
 .data          0x00000000        0x0 System/TempSensor.o
 .bss           0x00000000        0x0 System/TempSensor.o
 .text          0x00000000        0x0 System/Timer.o
 .data          0x00000000        0x0 System/Timer.o
 .bss           0x00000000        0x0 System/Timer.o
 .text.Timer__MsHandler
                0x00000000       0x54 System/Timer.o
 .text.Timer__MsSet
                0x00000000       0x50 System/Timer.o
 .text.Timer__MsExpire
                0x00000000       0x1e System/Timer.o
 .text.Timer__MsGetStatus
                0x00000000       0x16 System/Timer.o
 .text.Timer__HMSExpire
                0x00000000       0x1e System/Timer.o
 .text.Timer__HMSGetTime
                0x00000000       0x14 System/Timer.o
 .rodata.Hms_1sec_TimeBase
                0x00000000        0x2 System/Timer.o
 .text          0x00000000        0x0 c:/program files (x86)/atmel/studio/7.0/toolchain/avr8/avr8-gnu-toolchain/bin/../lib/gcc/avr/5.4.0/../../../../avr/lib/avr5\libm.a(addsf3.o)
 .data          0x00000000        0x0 c:/program files (x86)/atmel/studio/7.0/toolchain/avr8/avr8-gnu-toolchain/bin/../lib/gcc/avr/5.4.0/../../../../avr/lib/avr5\libm.a(addsf3.o)
 .bss           0x00000000        0x0 c:/program files (x86)/atmel/studio/7.0/toolchain/avr8/avr8-gnu-toolchain/bin/../lib/gcc/avr/5.4.0/../../../../avr/lib/avr5\libm.a(addsf3.o)
 .text          0x00000000        0x0 c:/program files (x86)/atmel/studio/7.0/toolchain/avr8/avr8-gnu-toolchain/bin/../lib/gcc/avr/5.4.0/../../../../avr/lib/avr5\libm.a(addsf3x.o)
 .data          0x00000000        0x0 c:/program files (x86)/atmel/studio/7.0/toolchain/avr8/avr8-gnu-toolchain/bin/../lib/gcc/avr/5.4.0/../../../../avr/lib/avr5\libm.a(addsf3x.o)
 .bss           0x00000000        0x0 c:/program files (x86)/atmel/studio/7.0/toolchain/avr8/avr8-gnu-toolchain/bin/../lib/gcc/avr/5.4.0/../../../../avr/lib/avr5\libm.a(addsf3x.o)
 .text          0x00000000        0x0 c:/program files (x86)/atmel/studio/7.0/toolchain/avr8/avr8-gnu-toolchain/bin/../lib/gcc/avr/5.4.0/../../../../avr/lib/avr5\libm.a(fixunssfsi.o)
 .data          0x00000000        0x0 c:/program files (x86)/atmel/studio/7.0/toolchain/avr8/avr8-gnu-toolchain/bin/../lib/gcc/avr/5.4.0/../../../../avr/lib/avr5\libm.a(fixunssfsi.o)
 .bss           0x00000000        0x0 c:/program files (x86)/atmel/studio/7.0/toolchain/avr8/avr8-gnu-toolchain/bin/../lib/gcc/avr/5.4.0/../../../../avr/lib/avr5\libm.a(fixunssfsi.o)
 .text          0x00000000        0x0 c:/program files (x86)/atmel/studio/7.0/toolchain/avr8/avr8-gnu-toolchain/bin/../lib/gcc/avr/5.4.0/../../../../avr/lib/avr5\libm.a(floatsisf.o)
 .data          0x00000000        0x0 c:/program files (x86)/atmel/studio/7.0/toolchain/avr8/avr8-gnu-toolchain/bin/../lib/gcc/avr/5.4.0/../../../../avr/lib/avr5\libm.a(floatsisf.o)
 .bss           0x00000000        0x0 c:/program files (x86)/atmel/studio/7.0/toolchain/avr8/avr8-gnu-toolchain/bin/../lib/gcc/avr/5.4.0/../../../../avr/lib/avr5\libm.a(floatsisf.o)
 .text          0x00000000        0x0 c:/program files (x86)/atmel/studio/7.0/toolchain/avr8/avr8-gnu-toolchain/bin/../lib/gcc/avr/5.4.0/../../../../avr/lib/avr5\libm.a(fp_inf.o)
 .data          0x00000000        0x0 c:/program files (x86)/atmel/studio/7.0/toolchain/avr8/avr8-gnu-toolchain/bin/../lib/gcc/avr/5.4.0/../../../../avr/lib/avr5\libm.a(fp_inf.o)
 .bss           0x00000000        0x0 c:/program files (x86)/atmel/studio/7.0/toolchain/avr8/avr8-gnu-toolchain/bin/../lib/gcc/avr/5.4.0/../../../../avr/lib/avr5\libm.a(fp_inf.o)
 .text          0x00000000        0x0 c:/program files (x86)/atmel/studio/7.0/toolchain/avr8/avr8-gnu-toolchain/bin/../lib/gcc/avr/5.4.0/../../../../avr/lib/avr5\libm.a(fp_nan.o)
 .data          0x00000000        0x0 c:/program files (x86)/atmel/studio/7.0/toolchain/avr8/avr8-gnu-toolchain/bin/../lib/gcc/avr/5.4.0/../../../../avr/lib/avr5\libm.a(fp_nan.o)
 .bss           0x00000000        0x0 c:/program files (x86)/atmel/studio/7.0/toolchain/avr8/avr8-gnu-toolchain/bin/../lib/gcc/avr/5.4.0/../../../../avr/lib/avr5\libm.a(fp_nan.o)
 .text          0x00000000        0x0 c:/program files (x86)/atmel/studio/7.0/toolchain/avr8/avr8-gnu-toolchain/bin/../lib/gcc/avr/5.4.0/../../../../avr/lib/avr5\libm.a(fp_pscA.o)
 .data          0x00000000        0x0 c:/program files (x86)/atmel/studio/7.0/toolchain/avr8/avr8-gnu-toolchain/bin/../lib/gcc/avr/5.4.0/../../../../avr/lib/avr5\libm.a(fp_pscA.o)
 .bss           0x00000000        0x0 c:/program files (x86)/atmel/studio/7.0/toolchain/avr8/avr8-gnu-toolchain/bin/../lib/gcc/avr/5.4.0/../../../../avr/lib/avr5\libm.a(fp_pscA.o)
 .text          0x00000000        0x0 c:/program files (x86)/atmel/studio/7.0/toolchain/avr8/avr8-gnu-toolchain/bin/../lib/gcc/avr/5.4.0/../../../../avr/lib/avr5\libm.a(fp_pscB.o)
 .data          0x00000000        0x0 c:/program files (x86)/atmel/studio/7.0/toolchain/avr8/avr8-gnu-toolchain/bin/../lib/gcc/avr/5.4.0/../../../../avr/lib/avr5\libm.a(fp_pscB.o)
 .bss           0x00000000        0x0 c:/program files (x86)/atmel/studio/7.0/toolchain/avr8/avr8-gnu-toolchain/bin/../lib/gcc/avr/5.4.0/../../../../avr/lib/avr5\libm.a(fp_pscB.o)
 .text          0x00000000        0x0 c:/program files (x86)/atmel/studio/7.0/toolchain/avr8/avr8-gnu-toolchain/bin/../lib/gcc/avr/5.4.0/../../../../avr/lib/avr5\libm.a(fp_round.o)
 .data          0x00000000        0x0 c:/program files (x86)/atmel/studio/7.0/toolchain/avr8/avr8-gnu-toolchain/bin/../lib/gcc/avr/5.4.0/../../../../avr/lib/avr5\libm.a(fp_round.o)
 .bss           0x00000000        0x0 c:/program files (x86)/atmel/studio/7.0/toolchain/avr8/avr8-gnu-toolchain/bin/../lib/gcc/avr/5.4.0/../../../../avr/lib/avr5\libm.a(fp_round.o)
 .text          0x00000000        0x0 c:/program files (x86)/atmel/studio/7.0/toolchain/avr8/avr8-gnu-toolchain/bin/../lib/gcc/avr/5.4.0/../../../../avr/lib/avr5\libm.a(fp_split3.o)
 .data          0x00000000        0x0 c:/program files (x86)/atmel/studio/7.0/toolchain/avr8/avr8-gnu-toolchain/bin/../lib/gcc/avr/5.4.0/../../../../avr/lib/avr5\libm.a(fp_split3.o)
 .bss           0x00000000        0x0 c:/program files (x86)/atmel/studio/7.0/toolchain/avr8/avr8-gnu-toolchain/bin/../lib/gcc/avr/5.4.0/../../../../avr/lib/avr5\libm.a(fp_split3.o)
 .text          0x00000000        0x0 c:/program files (x86)/atmel/studio/7.0/toolchain/avr8/avr8-gnu-toolchain/bin/../lib/gcc/avr/5.4.0/../../../../avr/lib/avr5\libm.a(fp_zero.o)
 .data          0x00000000        0x0 c:/program files (x86)/atmel/studio/7.0/toolchain/avr8/avr8-gnu-toolchain/bin/../lib/gcc/avr/5.4.0/../../../../avr/lib/avr5\libm.a(fp_zero.o)
 .bss           0x00000000        0x0 c:/program files (x86)/atmel/studio/7.0/toolchain/avr8/avr8-gnu-toolchain/bin/../lib/gcc/avr/5.4.0/../../../../avr/lib/avr5\libm.a(fp_zero.o)
 .text          0x00000000        0x0 c:/program files (x86)/atmel/studio/7.0/toolchain/avr8/avr8-gnu-toolchain/bin/../lib/gcc/avr/5.4.0/../../../../avr/lib/avr5\libm.a(mulsf3.o)
 .data          0x00000000        0x0 c:/program files (x86)/atmel/studio/7.0/toolchain/avr8/avr8-gnu-toolchain/bin/../lib/gcc/avr/5.4.0/../../../../avr/lib/avr5\libm.a(mulsf3.o)
 .bss           0x00000000        0x0 c:/program files (x86)/atmel/studio/7.0/toolchain/avr8/avr8-gnu-toolchain/bin/../lib/gcc/avr/5.4.0/../../../../avr/lib/avr5\libm.a(mulsf3.o)
 .text          0x00000000        0x0 c:/program files (x86)/atmel/studio/7.0/toolchain/avr8/avr8-gnu-toolchain/bin/../lib/gcc/avr/5.4.0/../../../../avr/lib/avr5\libm.a(mulsf3x.o)
 .data          0x00000000        0x0 c:/program files (x86)/atmel/studio/7.0/toolchain/avr8/avr8-gnu-toolchain/bin/../lib/gcc/avr/5.4.0/../../../../avr/lib/avr5\libm.a(mulsf3x.o)
 .bss           0x00000000        0x0 c:/program files (x86)/atmel/studio/7.0/toolchain/avr8/avr8-gnu-toolchain/bin/../lib/gcc/avr/5.4.0/../../../../avr/lib/avr5\libm.a(mulsf3x.o)
 .text          0x00000000        0x0 c:/program files (x86)/atmel/studio/7.0/toolchain/avr8/avr8-gnu-toolchain/bin/../lib/gcc/avr/5.4.0/avr5\libgcc.a(_divmodhi4.o)
 .data          0x00000000        0x0 c:/program files (x86)/atmel/studio/7.0/toolchain/avr8/avr8-gnu-toolchain/bin/../lib/gcc/avr/5.4.0/avr5\libgcc.a(_divmodhi4.o)
 .bss           0x00000000        0x0 c:/program files (x86)/atmel/studio/7.0/toolchain/avr8/avr8-gnu-toolchain/bin/../lib/gcc/avr/5.4.0/avr5\libgcc.a(_divmodhi4.o)
 .text.libgcc.mul
                0x00000000        0x0 c:/program files (x86)/atmel/studio/7.0/toolchain/avr8/avr8-gnu-toolchain/bin/../lib/gcc/avr/5.4.0/avr5\libgcc.a(_divmodhi4.o)
 .text.libgcc   0x00000000        0x0 c:/program files (x86)/atmel/studio/7.0/toolchain/avr8/avr8-gnu-toolchain/bin/../lib/gcc/avr/5.4.0/avr5\libgcc.a(_divmodhi4.o)
 .text.libgcc.prologue
                0x00000000        0x0 c:/program files (x86)/atmel/studio/7.0/toolchain/avr8/avr8-gnu-toolchain/bin/../lib/gcc/avr/5.4.0/avr5\libgcc.a(_divmodhi4.o)
 .text.libgcc.builtins
                0x00000000        0x0 c:/program files (x86)/atmel/studio/7.0/toolchain/avr8/avr8-gnu-toolchain/bin/../lib/gcc/avr/5.4.0/avr5\libgcc.a(_divmodhi4.o)
 .text.libgcc.fmul
                0x00000000        0x0 c:/program files (x86)/atmel/studio/7.0/toolchain/avr8/avr8-gnu-toolchain/bin/../lib/gcc/avr/5.4.0/avr5\libgcc.a(_divmodhi4.o)
 .text.libgcc.fixed
                0x00000000        0x0 c:/program files (x86)/atmel/studio/7.0/toolchain/avr8/avr8-gnu-toolchain/bin/../lib/gcc/avr/5.4.0/avr5\libgcc.a(_divmodhi4.o)
 .text          0x00000000        0x0 c:/program files (x86)/atmel/studio/7.0/toolchain/avr8/avr8-gnu-toolchain/bin/../lib/gcc/avr/5.4.0/avr5\libgcc.a(_udivmodsi4.o)
 .data          0x00000000        0x0 c:/program files (x86)/atmel/studio/7.0/toolchain/avr8/avr8-gnu-toolchain/bin/../lib/gcc/avr/5.4.0/avr5\libgcc.a(_udivmodsi4.o)
 .bss           0x00000000        0x0 c:/program files (x86)/atmel/studio/7.0/toolchain/avr8/avr8-gnu-toolchain/bin/../lib/gcc/avr/5.4.0/avr5\libgcc.a(_udivmodsi4.o)
 .text.libgcc.mul
                0x00000000        0x0 c:/program files (x86)/atmel/studio/7.0/toolchain/avr8/avr8-gnu-toolchain/bin/../lib/gcc/avr/5.4.0/avr5\libgcc.a(_udivmodsi4.o)
 .text.libgcc   0x00000000        0x0 c:/program files (x86)/atmel/studio/7.0/toolchain/avr8/avr8-gnu-toolchain/bin/../lib/gcc/avr/5.4.0/avr5\libgcc.a(_udivmodsi4.o)
 .text.libgcc.prologue
                0x00000000        0x0 c:/program files (x86)/atmel/studio/7.0/toolchain/avr8/avr8-gnu-toolchain/bin/../lib/gcc/avr/5.4.0/avr5\libgcc.a(_udivmodsi4.o)
 .text.libgcc.builtins
                0x00000000        0x0 c:/program files (x86)/atmel/studio/7.0/toolchain/avr8/avr8-gnu-toolchain/bin/../lib/gcc/avr/5.4.0/avr5\libgcc.a(_udivmodsi4.o)
 .text.libgcc.fmul
                0x00000000        0x0 c:/program files (x86)/atmel/studio/7.0/toolchain/avr8/avr8-gnu-toolchain/bin/../lib/gcc/avr/5.4.0/avr5\libgcc.a(_udivmodsi4.o)
 .text.libgcc.fixed
                0x00000000        0x0 c:/program files (x86)/atmel/studio/7.0/toolchain/avr8/avr8-gnu-toolchain/bin/../lib/gcc/avr/5.4.0/avr5\libgcc.a(_udivmodsi4.o)
 .text          0x00000000        0x0 c:/program files (x86)/atmel/studio/7.0/toolchain/avr8/avr8-gnu-toolchain/bin/../lib/gcc/avr/5.4.0/avr5\libgcc.a(_exit.o)
 .data          0x00000000        0x0 c:/program files (x86)/atmel/studio/7.0/toolchain/avr8/avr8-gnu-toolchain/bin/../lib/gcc/avr/5.4.0/avr5\libgcc.a(_exit.o)
 .bss           0x00000000        0x0 c:/program files (x86)/atmel/studio/7.0/toolchain/avr8/avr8-gnu-toolchain/bin/../lib/gcc/avr/5.4.0/avr5\libgcc.a(_exit.o)
 .text.libgcc.mul
                0x00000000        0x0 c:/program files (x86)/atmel/studio/7.0/toolchain/avr8/avr8-gnu-toolchain/bin/../lib/gcc/avr/5.4.0/avr5\libgcc.a(_exit.o)
 .text.libgcc.div
                0x00000000        0x0 c:/program files (x86)/atmel/studio/7.0/toolchain/avr8/avr8-gnu-toolchain/bin/../lib/gcc/avr/5.4.0/avr5\libgcc.a(_exit.o)
 .text.libgcc   0x00000000        0x0 c:/program files (x86)/atmel/studio/7.0/toolchain/avr8/avr8-gnu-toolchain/bin/../lib/gcc/avr/5.4.0/avr5\libgcc.a(_exit.o)
 .text.libgcc.prologue
                0x00000000        0x0 c:/program files (x86)/atmel/studio/7.0/toolchain/avr8/avr8-gnu-toolchain/bin/../lib/gcc/avr/5.4.0/avr5\libgcc.a(_exit.o)
 .text.libgcc.builtins
                0x00000000        0x0 c:/program files (x86)/atmel/studio/7.0/toolchain/avr8/avr8-gnu-toolchain/bin/../lib/gcc/avr/5.4.0/avr5\libgcc.a(_exit.o)
 .text.libgcc.fmul
                0x00000000        0x0 c:/program files (x86)/atmel/studio/7.0/toolchain/avr8/avr8-gnu-toolchain/bin/../lib/gcc/avr/5.4.0/avr5\libgcc.a(_exit.o)
 .text.libgcc.fixed
                0x00000000        0x0 c:/program files (x86)/atmel/studio/7.0/toolchain/avr8/avr8-gnu-toolchain/bin/../lib/gcc/avr/5.4.0/avr5\libgcc.a(_exit.o)
 .text          0x00000000        0x0 c:/program files (x86)/atmel/studio/7.0/toolchain/avr8/avr8-gnu-toolchain/bin/../lib/gcc/avr/5.4.0/avr5\libgcc.a(_copy_data.o)
 .data          0x00000000        0x0 c:/program files (x86)/atmel/studio/7.0/toolchain/avr8/avr8-gnu-toolchain/bin/../lib/gcc/avr/5.4.0/avr5\libgcc.a(_copy_data.o)
 .bss           0x00000000        0x0 c:/program files (x86)/atmel/studio/7.0/toolchain/avr8/avr8-gnu-toolchain/bin/../lib/gcc/avr/5.4.0/avr5\libgcc.a(_copy_data.o)
 .text.libgcc.mul
                0x00000000        0x0 c:/program files (x86)/atmel/studio/7.0/toolchain/avr8/avr8-gnu-toolchain/bin/../lib/gcc/avr/5.4.0/avr5\libgcc.a(_copy_data.o)
 .text.libgcc.div
                0x00000000        0x0 c:/program files (x86)/atmel/studio/7.0/toolchain/avr8/avr8-gnu-toolchain/bin/../lib/gcc/avr/5.4.0/avr5\libgcc.a(_copy_data.o)
 .text.libgcc   0x00000000        0x0 c:/program files (x86)/atmel/studio/7.0/toolchain/avr8/avr8-gnu-toolchain/bin/../lib/gcc/avr/5.4.0/avr5\libgcc.a(_copy_data.o)
 .text.libgcc.prologue
                0x00000000        0x0 c:/program files (x86)/atmel/studio/7.0/toolchain/avr8/avr8-gnu-toolchain/bin/../lib/gcc/avr/5.4.0/avr5\libgcc.a(_copy_data.o)
 .text.libgcc.builtins
                0x00000000        0x0 c:/program files (x86)/atmel/studio/7.0/toolchain/avr8/avr8-gnu-toolchain/bin/../lib/gcc/avr/5.4.0/avr5\libgcc.a(_copy_data.o)
 .text.libgcc.fmul
                0x00000000        0x0 c:/program files (x86)/atmel/studio/7.0/toolchain/avr8/avr8-gnu-toolchain/bin/../lib/gcc/avr/5.4.0/avr5\libgcc.a(_copy_data.o)
 .text.libgcc.fixed
                0x00000000        0x0 c:/program files (x86)/atmel/studio/7.0/toolchain/avr8/avr8-gnu-toolchain/bin/../lib/gcc/avr/5.4.0/avr5\libgcc.a(_copy_data.o)
 .text          0x00000000        0x0 c:/program files (x86)/atmel/studio/7.0/toolchain/avr8/avr8-gnu-toolchain/bin/../lib/gcc/avr/5.4.0/avr5\libgcc.a(_clear_bss.o)
 .data          0x00000000        0x0 c:/program files (x86)/atmel/studio/7.0/toolchain/avr8/avr8-gnu-toolchain/bin/../lib/gcc/avr/5.4.0/avr5\libgcc.a(_clear_bss.o)
 .bss           0x00000000        0x0 c:/program files (x86)/atmel/studio/7.0/toolchain/avr8/avr8-gnu-toolchain/bin/../lib/gcc/avr/5.4.0/avr5\libgcc.a(_clear_bss.o)
 .text.libgcc.mul
                0x00000000        0x0 c:/program files (x86)/atmel/studio/7.0/toolchain/avr8/avr8-gnu-toolchain/bin/../lib/gcc/avr/5.4.0/avr5\libgcc.a(_clear_bss.o)
 .text.libgcc.div
                0x00000000        0x0 c:/program files (x86)/atmel/studio/7.0/toolchain/avr8/avr8-gnu-toolchain/bin/../lib/gcc/avr/5.4.0/avr5\libgcc.a(_clear_bss.o)
 .text.libgcc   0x00000000        0x0 c:/program files (x86)/atmel/studio/7.0/toolchain/avr8/avr8-gnu-toolchain/bin/../lib/gcc/avr/5.4.0/avr5\libgcc.a(_clear_bss.o)
 .text.libgcc.prologue
                0x00000000        0x0 c:/program files (x86)/atmel/studio/7.0/toolchain/avr8/avr8-gnu-toolchain/bin/../lib/gcc/avr/5.4.0/avr5\libgcc.a(_clear_bss.o)
 .text.libgcc.builtins
                0x00000000        0x0 c:/program files (x86)/atmel/studio/7.0/toolchain/avr8/avr8-gnu-toolchain/bin/../lib/gcc/avr/5.4.0/avr5\libgcc.a(_clear_bss.o)
 .text.libgcc.fmul
                0x00000000        0x0 c:/program files (x86)/atmel/studio/7.0/toolchain/avr8/avr8-gnu-toolchain/bin/../lib/gcc/avr/5.4.0/avr5\libgcc.a(_clear_bss.o)
 .text.libgcc.fixed
                0x00000000        0x0 c:/program files (x86)/atmel/studio/7.0/toolchain/avr8/avr8-gnu-toolchain/bin/../lib/gcc/avr/5.4.0/avr5\libgcc.a(_clear_bss.o)
 .text          0x00000000        0x0 c:/program files (x86)/atmel/studio/7.0/toolchain/avr8/avr8-gnu-toolchain/bin/../lib/gcc/avr/5.4.0/avr5\libgcc.a(_udivmodhi4.o)
 .data          0x00000000        0x0 c:/program files (x86)/atmel/studio/7.0/toolchain/avr8/avr8-gnu-toolchain/bin/../lib/gcc/avr/5.4.0/avr5\libgcc.a(_udivmodhi4.o)
 .bss           0x00000000        0x0 c:/program files (x86)/atmel/studio/7.0/toolchain/avr8/avr8-gnu-toolchain/bin/../lib/gcc/avr/5.4.0/avr5\libgcc.a(_udivmodhi4.o)
 .text.libgcc.mul
                0x00000000        0x0 c:/program files (x86)/atmel/studio/7.0/toolchain/avr8/avr8-gnu-toolchain/bin/../lib/gcc/avr/5.4.0/avr5\libgcc.a(_udivmodhi4.o)
 .text.libgcc   0x00000000        0x0 c:/program files (x86)/atmel/studio/7.0/toolchain/avr8/avr8-gnu-toolchain/bin/../lib/gcc/avr/5.4.0/avr5\libgcc.a(_udivmodhi4.o)
 .text.libgcc.prologue
                0x00000000        0x0 c:/program files (x86)/atmel/studio/7.0/toolchain/avr8/avr8-gnu-toolchain/bin/../lib/gcc/avr/5.4.0/avr5\libgcc.a(_udivmodhi4.o)
 .text.libgcc.builtins
                0x00000000        0x0 c:/program files (x86)/atmel/studio/7.0/toolchain/avr8/avr8-gnu-toolchain/bin/../lib/gcc/avr/5.4.0/avr5\libgcc.a(_udivmodhi4.o)
 .text.libgcc.fmul
                0x00000000        0x0 c:/program files (x86)/atmel/studio/7.0/toolchain/avr8/avr8-gnu-toolchain/bin/../lib/gcc/avr/5.4.0/avr5\libgcc.a(_udivmodhi4.o)
 .text.libgcc.fixed
                0x00000000        0x0 c:/program files (x86)/atmel/studio/7.0/toolchain/avr8/avr8-gnu-toolchain/bin/../lib/gcc/avr/5.4.0/avr5\libgcc.a(_udivmodhi4.o)

Memory Configuration

Name             Origin             Length             Attributes
text             0x00000000         0x00008000         xr
data             0x00800100         0x00000800         rw !x
eeprom           0x00810000         0x00000400         rw !x
fuse             0x00820000         0x00000003         rw !x
lock             0x00830000         0x00000400         rw !x
signature        0x00840000         0x00000400         rw !x
user_signatures  0x00850000         0x00000400         rw !x
*default*        0x00000000         0xffffffff

Linker script and memory map

Address of section .data set to 0x800100
LOAD C:/Program Files (x86)/Atmel/Studio/7.0/Packs/atmel/ATmega_DFP/1.7.374/gcc/dev/atmega328p/avr5/crtatmega328p.o
LOAD Appl/Appl.o
LOAD Appl/main.o
LOAD Appl/OvenTempControl.o
LOAD Drivers/ADC.o
LOAD Drivers/GPIO.o
LOAD Drivers/Pwm.o
LOAD Hal/Hal.o
LOAD Hal/SevenSeg.o
LOAD System/Display.o
LOAD System/Sounds.o
LOAD System/TempSensor.o
LOAD System/Timer.o
START GROUP
LOAD c:/program files (x86)/atmel/studio/7.0/toolchain/avr8/avr8-gnu-toolchain/bin/../lib/gcc/avr/5.4.0/../../../../avr/lib/avr5\libm.a
END GROUP
START GROUP
LOAD c:/program files (x86)/atmel/studio/7.0/toolchain/avr8/avr8-gnu-toolchain/bin/../lib/gcc/avr/5.4.0/avr5\libgcc.a
LOAD c:/program files (x86)/atmel/studio/7.0/toolchain/avr8/avr8-gnu-toolchain/bin/../lib/gcc/avr/5.4.0/../../../../avr/lib/avr5\libm.a
LOAD c:/program files (x86)/atmel/studio/7.0/toolchain/avr8/avr8-gnu-toolchain/bin/../lib/gcc/avr/5.4.0/../../../../avr/lib/avr5\libc.a
LOAD C:/Program Files (x86)/Atmel/Studio/7.0/Packs/atmel/ATmega_DFP/1.7.374/gcc/dev/atmega328p/avr5\libatmega328p.a
END GROUP
                0x00000000                __TEXT_REGION_ORIGIN__ = DEFINED (__TEXT_REGION_ORIGIN__)?__TEXT_REGION_ORIGIN__:0x0
                [0x00800100]                __DATA_REGION_ORIGIN__ = DEFINED (__DATA_REGION_ORIGIN__)?__DATA_REGION_ORIGIN__:0x800060
                [0x00008000]                __TEXT_REGION_LENGTH__ = DEFINED (__TEXT_REGION_LENGTH__)?__TEXT_REGION_LENGTH__:0x20000
                [0x00000800]                __DATA_REGION_LENGTH__ = DEFINED (__DATA_REGION_LENGTH__)?__DATA_REGION_LENGTH__:0xffa0
                [0x00000400]                __EEPROM_REGION_LENGTH__ = DEFINED (__EEPROM_REGION_LENGTH__)?__EEPROM_REGION_LENGTH__:0x10000
                [0x00000003]                __FUSE_REGION_LENGTH__ = DEFINED (__FUSE_REGION_LENGTH__)?__FUSE_REGION_LENGTH__:0x400
                0x00000400                __LOCK_REGION_LENGTH__ = DEFINED (__LOCK_REGION_LENGTH__)?__LOCK_REGION_LENGTH__:0x400
                0x00000400                __SIGNATURE_REGION_LENGTH__ = DEFINED (__SIGNATURE_REGION_LENGTH__)?__SIGNATURE_REGION_LENGTH__:0x400
                0x00000400                __USER_SIGNATURE_REGION_LENGTH__ = DEFINED (__USER_SIGNATURE_REGION_LENGTH__)?__USER_SIGNATURE_REGION_LENGTH__:0x400

.hash
 *(.hash)

.dynsym
 *(.dynsym)

.dynstr
 *(.dynstr)

.gnu.version
 *(.gnu.version)

.gnu.version_d
 *(.gnu.version_d)

.gnu.version_r
 *(.gnu.version_r)

.rel.init
 *(.rel.init)

.rela.init
 *(.rela.init)

.rel.text
 *(.rel.text)
 *(.rel.text.*)
 *(.rel.gnu.linkonce.t*)

.rela.text
 *(.rela.text)
 *(.rela.text.*)
 *(.rela.gnu.linkonce.t*)

.rel.fini
 *(.rel.fini)

.rela.fini
 *(.rela.fini)

.rel.rodata
 *(.rel.rodata)
 *(.rel.rodata.*)
 *(.rel.gnu.linkonce.r*)

.rela.rodata
 *(.rela.rodata)
 *(.rela.rodata.*)
 *(.rela.gnu.linkonce.r*)

.rel.data
 *(.rel.data)
 *(.rel.data.*)
 *(.rel.gnu.linkonce.d*)

.rela.data
 *(.rela.data)
 *(.rela.data.*)
 *(.rela.gnu.linkonce.d*)

.rel.ctors
 *(.rel.ctors)

.rela.ctors
 *(.rela.ctors)

.rel.dtors
 *(.rel.dtors)

.rela.dtors
 *(.rela.dtors)

.rel.got
 *(.rel.got)

.rela.got
 *(.rela.got)

.rel.bss
 *(.rel.bss)

.rela.bss
 *(.rela.bss)

.rel.plt
 *(.rel.plt)

.rela.plt
 *(.rela.plt)

.text           0x00000000     0x179e
 *(.vectors)
 .vectors       0x00000000       0x68 C:/Program Files (x86)/Atmel/Studio/7.0/Packs/atmel/ATmega_DFP/1.7.374/gcc/dev/atmega328p/avr5/crtatmega328p.o
                0x00000000                __vector_default
                0x00000000                __vectors
 *(.vectors)
 *(.progmem.gcc*)
                0x00000068                . = ALIGN (0x2)
                0x00000068                __trampolines_start = .
 *(.trampolines)
 .trampolines   0x00000068        0x0 linker stubs
 *(.trampolines*)
                0x00000068                __trampolines_end = .
 *libprintf_flt.a:*(.progmem.data)
 *libc.a:*(.progmem.data)
 *(.progmem*)
                0x00000068                . = ALIGN (0x2)
 *(.jumptables)
 *(.jumptables*)
 *(.lowtext)
 *(.lowtext*)
                0x00000068                __ctors_start = .
 *(.ctors)
                0x00000068                __ctors_end = .
                0x00000068                __dtors_start = .
 *(.dtors)
                0x00000068                __dtors_end = .
 SORT(*)(.ctors)
 SORT(*)(.dtors)
 *(.init0)
 .init0         0x00000068        0x0 C:/Program Files (x86)/Atmel/Studio/7.0/Packs/atmel/ATmega_DFP/1.7.374/gcc/dev/atmega328p/avr5/crtatmega328p.o
                0x00000068                __init
 *(.init0)
 *(.init1)
 *(.init1)
 *(.init2)
 .init2         0x00000068        0xc C:/Program Files (x86)/Atmel/Studio/7.0/Packs/atmel/ATmega_DFP/1.7.374/gcc/dev/atmega328p/avr5/crtatmega328p.o
 *(.init2)
 *(.init3)
 *(.init3)
 *(.init4)
 .init4         0x00000074       0x16 c:/program files (x86)/atmel/studio/7.0/toolchain/avr8/avr8-gnu-toolchain/bin/../lib/gcc/avr/5.4.0/avr5\libgcc.a(_copy_data.o)
                0x00000074                __do_copy_data
 .init4         0x0000008a       0x10 c:/program files (x86)/atmel/studio/7.0/toolchain/avr8/avr8-gnu-toolchain/bin/../lib/gcc/avr/5.4.0/avr5\libgcc.a(_clear_bss.o)
                0x0000008a                __do_clear_bss
 *(.init4)
 *(.init5)
 *(.init5)
 *(.init6)
 *(.init6)
 *(.init7)
 *(.init7)
 *(.init8)
 *(.init8)
 *(.init9)
 .init9         0x0000009a        0x8 C:/Program Files (x86)/Atmel/Studio/7.0/Packs/atmel/ATmega_DFP/1.7.374/gcc/dev/atmega328p/avr5/crtatmega328p.o
 *(.init9)
 *(.text)
 .text          0x000000a2        0x4 C:/Program Files (x86)/Atmel/Studio/7.0/Packs/atmel/ATmega_DFP/1.7.374/gcc/dev/atmega328p/avr5/crtatmega328p.o
                0x000000a2                __vector_22
                0x000000a2                __vector_1
                0x000000a2                __vector_24
                0x000000a2                __vector_12
                0x000000a2                __bad_interrupt
                0x000000a2                __vector_6
                0x000000a2                __vector_3
                0x000000a2                __vector_23
                0x000000a2                __vector_25
                0x000000a2                __vector_11
                0x000000a2                __vector_17
                0x000000a2                __vector_19
                0x000000a2                __vector_7
                0x000000a2                __vector_5
                0x000000a2                __vector_4
                0x000000a2                __vector_9
                0x000000a2                __vector_2
                0x000000a2                __vector_21
                0x000000a2                __vector_15
                0x000000a2                __vector_8
                0x000000a2                __vector_14
                0x000000a2                __vector_10
                0x000000a2                __vector_16
                0x000000a2                __vector_18
                0x000000a2                __vector_20
                0x000000a6                . = ALIGN (0x2)
 *(.text.*)
 .text.Appl__Initialize
                0x000000a6       0x12 Appl/Appl.o
                0x000000a6                Appl__Initialize
 .text.Appl__Handler
                0x000000b8       0xf0 Appl/Appl.o
                0x000000b8                Appl__Handler
 .text.main     0x000001a8       0xc0 Appl/main.o
                0x000001a8                main
 .text.OvenTempControl__Initialize
                0x00000268        0xc Appl/OvenTempControl.o
                0x00000268                OvenTempControl__Initialize
 .text.OvenTempControl__Handler
                0x00000274       0x82 Appl/OvenTempControl.o
                0x00000274                OvenTempControl__Handler
 .text.OvenTempControl__SetLevel
                0x000002f6        0x6 Appl/OvenTempControl.o
                0x000002f6                OvenTempControl__SetLevel
 .text.ADC__Initialize
                0x000002fc       0x4c Drivers/ADC.o
                0x000002fc                ADC__Initialize
 .text.ADC__Handler
                0x00000348       0xde Drivers/ADC.o
                0x00000348                ADC__Handler
 .text.ADC__ConfigModes
                0x00000426       0x58 Drivers/ADC.o
                0x00000426                ADC__ConfigModes
 .text.ADC__GetValue
                0x0000047e       0x1c Drivers/ADC.o
                0x0000047e                ADC__GetValue
 .text.GPIO_CONFIG
                0x0000049a       0x5c Drivers/GPIO.o
                0x0000049a                GPIO_CONFIG
 .text.GPIO_PIN_WRITE
                0x000004f6       0x44 Drivers/GPIO.o
                0x000004f6                GPIO_PIN_WRITE
 .text.GPIO_PIN_READ
                0x0000053a       0x26 Drivers/GPIO.o
                0x0000053a                GPIO_PIN_READ
 .text.Pwm__SetDutyCycle
                0x00000560       0xa2 Drivers/Pwm.o
                0x00000560                Pwm__SetDutyCycle
 .text.CalculatePrescaler
                0x00000602      0x2ae Drivers/Pwm.o
                0x00000602                CalculatePrescaler
 .text.Pwm__SetTCFrequency
                0x000008b0       0x4c Drivers/Pwm.o
                0x000008b0                Pwm__SetTCFrequency
 .text.Pwm__Initialize
                0x000008fc       0x9e Drivers/Pwm.o
                0x000008fc                Pwm__Initialize
 .text.Hal__Initialize
                0x0000099a       0xce Hal/Hal.o
                0x0000099a                Hal__Initialize
 .text.Hal__SetLed
                0x00000a68       0x1a Hal/Hal.o
                0x00000a68                Hal__SetLed
 .text.Hal__SetAllLeds
                0x00000a82       0x26 Hal/Hal.o
                0x00000a82                Hal__SetAllLeds
 .text.Hal__ReadKey
                0x00000aa8       0x2e Hal/Hal.o
                0x00000aa8                Hal__ReadKey
 .text.Hal__ReadAllKey
                0x00000ad6       0x34 Hal/Hal.o
                0x00000ad6                Hal__ReadAllKey
 .text.Hal__WriteValtoSegment
                0x00000b0a        0x6 Hal/Hal.o
                0x00000b0a                Hal__WriteValtoSegment
 .text.Hal_GetAnalogInput
                0x00000b10       0x18 Hal/Hal.o
                0x00000b10                Hal_GetAnalogInput
 .text.Hal__SetBuzzer
                0x00000b28       0x18 Hal/Hal.o
                0x00000b28                Hal__SetBuzzer
 .text.Hal__SetBuzzerFreq
                0x00000b40        0xa Hal/Hal.o
                0x00000b40                Hal__SetBuzzerFreq
 .text.LEDsUpdate
                0x00000b4a       0x44 Hal/Hal.o
                0x00000b4a                LEDsUpdate
 .text.KeysRead
                0x00000b8e       0x86 Hal/Hal.o
                0x00000b8e                KeysRead
 .text.Hal__FastHandler
                0x00000c14        0xa Hal/Hal.o
                0x00000c14                Hal__FastHandler
 .text.ADProcess
                0x00000c1e       0xe4 Hal/Hal.o
                0x00000c1e                ADProcess
 .text.Hal__BackgroundHandler
                0x00000d02        0x6 Hal/Hal.o
                0x00000d02                Hal__BackgroundHandler
 .text.SevenSeg_WriteValueToSegment
                0x00000d08       0xea Hal/SevenSeg.o
                0x00000d08                SevenSeg_WriteValueToSegment
 .text.Display__Initialize
                0x00000df2        0xc System/Display.o
                0x00000df2                Display__Initialize
 .text.Display__SetState
                0x00000dfe        0xa System/Display.o
                0x00000dfe                Display__SetState
 .text.UpdateDisplayLeds
                0x00000e08       0x86 System/Display.o
                0x00000e08                UpdateDisplayLeds
 .text.ReadDisplayKeys
                0x00000e8e       0x44 System/Display.o
                0x00000e8e                ReadDisplayKeys
 .text.Display__GetEvent
                0x00000ed2        0xa System/Display.o
                0x00000ed2                Display__GetEvent
 .text.UpdateDisplaySevenSeg
                0x00000edc       0x2c System/Display.o
                0x00000edc                UpdateDisplaySevenSeg
 .text.Display__Handler
                0x00000f08        0xa System/Display.o
                0x00000f08                Display__Handler
 .text.Sounds__Initialize
                0x00000f12       0x16 System/Sounds.o
                0x00000f12                Sounds__Initialize
 .text.Sounds__PlaySounds
                0x00000f28       0x20 System/Sounds.o
                0x00000f28                Sounds__PlaySounds
 .text.PowerOnSoundHandler
                0x00000f48      0x110 System/Sounds.o
                0x00000f48                PowerOnSoundHandler
 .text.KeyPressSoundHandler
                0x00001058       0x94 System/Sounds.o
                0x00001058                KeyPressSoundHandler
 .text.EndCycleSoundHandler
                0x000010ec       0x54 System/Sounds.o
                0x000010ec                EndCycleSoundHandler
 .text.Sounds__Background
                0x00001140       0x4c System/Sounds.o
                0x00001140                Sounds__Background
 .text.TempSensor__Initialize
                0x0000118c       0x1c System/TempSensor.o
                0x0000118c                TempSensor__Initialize
 .text.TempSensor__ConversionHandler
                0x000011a8       0x6c System/TempSensor.o
                0x000011a8                TempSensor__ConversionHandler
 .text.TempSensor__GetCelsius
                0x00001214       0x1c System/TempSensor.o
                0x00001214                TempSensor__GetCelsius
 .text.Timer__Initialize
                0x00001230       0x46 System/Timer.o
                0x00001230                Timer__Initialize
 .text.Timer__HMSHandler
                0x00001276       0xdc System/Timer.o
                0x00001276                Timer__HMSHandler
 .text.Timer__HMSSet
                0x00001352       0x38 System/Timer.o
                0x00001352                Timer__HMSSet
 .text.Timer__HMSGetStatus
                0x0000138a       0x14 System/Timer.o
                0x0000138a                Timer__HMSGetStatus
 .text.__vector_13
                0x0000139e       0x3a System/Timer.o
                0x0000139e                __vector_13
 .text.avr-libc.fplib
                0x000013d8        0xe c:/program files (x86)/atmel/studio/7.0/toolchain/avr8/avr8-gnu-toolchain/bin/../lib/gcc/avr/5.4.0/../../../../avr/lib/avr5\libm.a(addsf3.o)
                0x000013d8                __subsf3
                0x000013da                __addsf3
 .text.avr-libc.fplib
                0x000013e6       0xcc c:/program files (x86)/atmel/studio/7.0/toolchain/avr8/avr8-gnu-toolchain/bin/../lib/gcc/avr/5.4.0/../../../../avr/lib/avr5\libm.a(addsf3x.o)
                0x00001408                __addsf3x
 .text.avr-libc.fplib
                0x000014b2       0x5e c:/program files (x86)/atmel/studio/7.0/toolchain/avr8/avr8-gnu-toolchain/bin/../lib/gcc/avr/5.4.0/../../../../avr/lib/avr5\libm.a(fixunssfsi.o)
                0x000014b2                __fixunssfsi
 .text.avr-libc.fplib
                0x00001510       0x7a c:/program files (x86)/atmel/studio/7.0/toolchain/avr8/avr8-gnu-toolchain/bin/../lib/gcc/avr/5.4.0/../../../../avr/lib/avr5\libm.a(floatsisf.o)
                0x00001510                __floatunsisf
                0x00001514                __floatsisf
 .text.avr-libc.fplib
                0x0000158a        0xc c:/program files (x86)/atmel/studio/7.0/toolchain/avr8/avr8-gnu-toolchain/bin/../lib/gcc/avr/5.4.0/../../../../avr/lib/avr5\libm.a(fp_inf.o)
                0x0000158a                __fp_inf
 .text.avr-libc.fplib
                0x00001596        0x6 c:/program files (x86)/atmel/studio/7.0/toolchain/avr8/avr8-gnu-toolchain/bin/../lib/gcc/avr/5.4.0/../../../../avr/lib/avr5\libm.a(fp_nan.o)
                0x00001596                __fp_nan
 .text.avr-libc.fplib
                0x0000159c        0xe c:/program files (x86)/atmel/studio/7.0/toolchain/avr8/avr8-gnu-toolchain/bin/../lib/gcc/avr/5.4.0/../../../../avr/lib/avr5\libm.a(fp_pscA.o)
                0x0000159c                __fp_pscA
 .text.avr-libc.fplib
                0x000015aa        0xe c:/program files (x86)/atmel/studio/7.0/toolchain/avr8/avr8-gnu-toolchain/bin/../lib/gcc/avr/5.4.0/../../../../avr/lib/avr5\libm.a(fp_pscB.o)
                0x000015aa                __fp_pscB
 .text.avr-libc.fplib
                0x000015b8       0x22 c:/program files (x86)/atmel/studio/7.0/toolchain/avr8/avr8-gnu-toolchain/bin/../lib/gcc/avr/5.4.0/../../../../avr/lib/avr5\libm.a(fp_round.o)
                0x000015b8                __fp_round
 .text.avr-libc.fplib
                0x000015da       0x44 c:/program files (x86)/atmel/studio/7.0/toolchain/avr8/avr8-gnu-toolchain/bin/../lib/gcc/avr/5.4.0/../../../../avr/lib/avr5\libm.a(fp_split3.o)
                0x000015da                __fp_split3
                0x000015ea                __fp_splitA
 .text.avr-libc.fplib
                0x0000161e        0xe c:/program files (x86)/atmel/studio/7.0/toolchain/avr8/avr8-gnu-toolchain/bin/../lib/gcc/avr/5.4.0/../../../../avr/lib/avr5\libm.a(fp_zero.o)
                0x0000161e                __fp_zero
                0x00001620                __fp_szero
 .text.avr-libc.fplib
                0x0000162c        0x8 c:/program files (x86)/atmel/studio/7.0/toolchain/avr8/avr8-gnu-toolchain/bin/../lib/gcc/avr/5.4.0/../../../../avr/lib/avr5\libm.a(mulsf3.o)
                0x0000162c                __mulsf3
 .text.avr-libc.fplib
                0x00001634       0xd2 c:/program files (x86)/atmel/studio/7.0/toolchain/avr8/avr8-gnu-toolchain/bin/../lib/gcc/avr/5.4.0/../../../../avr/lib/avr5\libm.a(mulsf3x.o)
                0x00001652                __mulsf3x
                0x00001658                __mulsf3_pse
 .text.libgcc.div
                0x00001706       0x28 c:/program files (x86)/atmel/studio/7.0/toolchain/avr8/avr8-gnu-toolchain/bin/../lib/gcc/avr/5.4.0/avr5\libgcc.a(_divmodhi4.o)
                0x00001706                _div
                0x00001706                __divmodhi4
 .text.libgcc.div
                0x0000172e       0x44 c:/program files (x86)/atmel/studio/7.0/toolchain/avr8/avr8-gnu-toolchain/bin/../lib/gcc/avr/5.4.0/avr5\libgcc.a(_udivmodsi4.o)
                0x0000172e                __udivmodsi4
 .text.libgcc.div
                0x00001772       0x28 c:/program files (x86)/atmel/studio/7.0/toolchain/avr8/avr8-gnu-toolchain/bin/../lib/gcc/avr/5.4.0/avr5\libgcc.a(_udivmodhi4.o)
                0x00001772                __udivmodhi4
                0x0000179a                . = ALIGN (0x2)
 *(.fini9)
 .fini9         0x0000179a        0x0 c:/program files (x86)/atmel/studio/7.0/toolchain/avr8/avr8-gnu-toolchain/bin/../lib/gcc/avr/5.4.0/avr5\libgcc.a(_exit.o)
                0x0000179a                _exit
                0x0000179a                exit
 *(.fini9)
 *(.fini8)
 *(.fini8)
 *(.fini7)
 *(.fini7)
 *(.fini6)
 *(.fini6)
 *(.fini5)
 *(.fini5)
 *(.fini4)
 *(.fini4)
 *(.fini3)
 *(.fini3)
 *(.fini2)
 *(.fini2)
 *(.fini1)
 *(.fini1)
 *(.fini0)
 .fini0         0x0000179a        0x4 c:/program files (x86)/atmel/studio/7.0/toolchain/avr8/avr8-gnu-toolchain/bin/../lib/gcc/avr/5.4.0/avr5\libgcc.a(_exit.o)
 *(.fini0)
                0x0000179e                _etext = .

.data           0x00800100       0x9c load address 0x0000179e
                0x00800100                PROVIDE (__data_start, .)
 *(.data)
 *(.data*)
 .data.GPIO_DATA_LIST
                0x00800100        0x6 Drivers/GPIO.o
                0x00800100                GPIO_DATA_LIST
 .data.BUZZER_GPIO
                0x00800106        0x2 Hal/Hal.o
                0x00800106                BUZZER_GPIO
 .data.KEYS_GPIO
                0x00800108        0x8 Hal/Hal.o
                0x00800108                KEYS_GPIO
 .data.LED_GPIO
                0x00800110        0x8 Hal/Hal.o
                0x00800110                LED_GPIO
 .data.WhichSound
                0x00800118        0x1 System/Sounds.o
                0x00800118                WhichSound
 *(.gnu.linkonce.d*)
 *(.rodata)
 .rodata        0x00800119       0x24 Drivers/Pwm.o
 *(.rodata*)
 .rodata.TEMP_CONTROL_PARAMETERS
                0x0080013d       0x10 Appl/OvenTempControl.o
                0x0080013d                TEMP_CONTROL_PARAMETERS
 .rodata.ADC_BIT_SET_MASK
                0x0080014d        0x6 Drivers/ADC.o
                0x0080014d                ADC_BIT_SET_MASK
 .rodata.Adc_Enable_Table
                0x00800153        0x6 Drivers/ADC.o
                0x00800153                Adc_Enable_Table
 .rodata.GPIO_PIN_CLR_MASK
                0x00800159        0x8 Drivers/GPIO.o
                0x00800159                GPIO_PIN_CLR_MASK
 .rodata.GPIO_PIN_SET_MASK
                0x00800161        0x8 Drivers/GPIO.o
                0x00800161                GPIO_PIN_SET_MASK
 .rodata.PWM_Enable_Table
                0x00800169        0x6 Drivers/Pwm.o
                0x00800169                PWM_Enable_Table
 .rodata.AD_Channel_Table
                0x0080016f        0x6 Hal/Hal.o
                0x0080016f                AD_Channel_Table
 .rodata.AD_Enable_Table
                0x00800175        0x6 Hal/Hal.o
                0x00800175                AD_Enable_Table
 .rodata.Keys_Enable_Table
                0x0080017b        0x4 Hal/Hal.o
                0x0080017b                Keys_Enable_Table
 .rodata.Leds_Enable_Table
                0x0080017f        0x4 Hal/Hal.o
                0x0080017f                Leds_Enable_Table
 .rodata.SEGMENT_SELECT
                0x00800183        0x4 Hal/SevenSeg.o
                0x00800183                SEGMENT_SELECT
 .rodata.MAXIMO_DIGITO
                0x00800187        0x4 System/Display.o
                0x00800187                MAXIMO_DIGITO
 .rodata.MEDIO_DIGITO
                0x0080018b        0x4 System/Display.o
                0x0080018b                MEDIO_DIGITO
 .rodata.MINIMO_DIGITO
                0x0080018f        0x4 System/Display.o
                0x0080018f                MINIMO_DIGITO
 .rodata.ZERADO_DIGITO
                0x00800193        0x4 System/Display.o
                0x00800193                ZERADO_DIGITO
 .rodata.TempSensor_Enable_Table
                0x00800197        0x2 System/TempSensor.o
                0x00800197                TempSensor_Enable_Table
 .rodata.TempSensorTable
                0x00800199        0x2 System/TempSensor.o
                0x00800199                TempSensorTable
 *(.gnu.linkonce.r*)
                0x0080019c                . = ALIGN (0x2)
 *fill*         0x0080019b        0x1 
                0x0080019c                _edata = .
                0x0080019c                PROVIDE (__data_end, .)

.bss            0x0080019c       0x98
                0x0080019c                PROVIDE (__bss_start, .)
 *(.bss)
 *(.bss*)
 .bss.last_prescaler.2022
                0x0080019c        0x3 Drivers/Pwm.o
 .bss.last_frequency.2023
                0x0080019f        0x6 Drivers/Pwm.o
 .bss.last_frequency
                0x008001a5        0x3 Drivers/Pwm.o
                0x008001a5                last_frequency
 .bss.flag_seg  0x008001a8        0x2 System/Timer.o
                0x008001a8                flag_seg
 *(COMMON)
 COMMON         0x008001aa        0x4 Appl/Appl.o
                0x008001aa                User_Action
                0x008001ab                Timer_Counter
                0x008001ac                Trigger
                0x008001ad                Toggle
 COMMON         0x008001ae        0x1 Appl/main.o
                0x008001ae                Slot
 COMMON         0x008001af        0x2 Appl/OvenTempControl.o
                0x008001af                Current_Level
                0x008001b0                Oven_TempControl_State
 COMMON         0x008001b1        0xf Drivers/ADC.o
                0x008001b1                ADC_Buffer
                0x008001bd                Adc_Step
                0x008001be                Sampling_Time
                0x008001bf                Adc_Channel
 COMMON         0x008001c0       0x3d Hal/Hal.o
                0x008001c0                AD_Channel
                0x008001c1                Hal_Leds_Buffer
                0x008001c5                tab
                0x008001d1                AD_Sample
                0x008001dd                Hal_Analog_Inputs
                0x008001e9                AD_Mux_State
                0x008001ea                AD_Counter
                0x008001f0                Hal_Keys_Buffer
                0x008001f1                AD_Accumulator
 COMMON         0x008001fd        0x2 System/Display.o
                0x008001fd                Display_Keys_Map
                0x008001fe                Oven_Display_State
 COMMON         0x008001ff        0x4 System/Sounds.o
                0x008001ff                PlaySound
                0x00800200                End_Cycle_Sound_Step
                0x00800201                PowerON_Sound_Step
                0x00800202                Key_Press_Sound_Step
 COMMON         0x00800203        0x4 System/TempSensor.o
                0x00800203                Temperature
 COMMON         0x00800207       0x2d System/Timer.o
                0x00800207                Hms_1sec_Counter
                0x00800209                Ms_Timers
                0x00800218                Hms_Timers
                0x00800234                PROVIDE (__bss_end, .)
                0x0000179e                __data_load_start = LOADADDR (.data)
                0x0000183a                __data_load_end = (__data_load_start + SIZEOF (.data))

.noinit         0x00800234        0x0
                [!provide]                PROVIDE (__noinit_start, .)
 *(.noinit*)
                [!provide]                PROVIDE (__noinit_end, .)
                0x00800234                _end = .
                [!provide]                PROVIDE (__heap_start, .)

.eeprom         0x00810000        0x0
 *(.eeprom*)
                0x00810000                __eeprom_end = .

.fuse
 *(.fuse)
 *(.lfuse)
 *(.hfuse)
 *(.efuse)

.lock
 *(.lock*)

.signature
 *(.signature*)

.user_signatures
 *(.user_signatures*)

.stab
 *(.stab)

.stabstr
 *(.stabstr)

.stab.excl
 *(.stab.excl)

.stab.exclstr
 *(.stab.exclstr)

.stab.index
 *(.stab.index)

.stab.indexstr
 *(.stab.indexstr)

.comment        0x00000000       0x30
 *(.comment)
 .comment       0x00000000       0x30 Appl/Appl.o
                                 0x31 (size before relaxing)
 .comment       0x00000030       0x31 Appl/main.o
 .comment       0x00000030       0x31 Appl/OvenTempControl.o
 .comment       0x00000030       0x31 Drivers/ADC.o
 .comment       0x00000030       0x31 Drivers/GPIO.o
 .comment       0x00000030       0x31 Drivers/Pwm.o
 .comment       0x00000030       0x31 Hal/Hal.o
 .comment       0x00000030       0x31 Hal/SevenSeg.o
 .comment       0x00000030       0x31 System/Display.o
 .comment       0x00000030       0x31 System/Sounds.o
 .comment       0x00000030       0x31 System/TempSensor.o
 .comment       0x00000030       0x31 System/Timer.o

.note.gnu.avr.deviceinfo
                0x00000000       0x40
 .note.gnu.avr.deviceinfo
                0x00000000       0x40 C:/Program Files (x86)/Atmel/Studio/7.0/Packs/atmel/ATmega_DFP/1.7.374/gcc/dev/atmega328p/avr5/crtatmega328p.o

.note.gnu.build-id
 *(.note.gnu.build-id)

.debug
 *(.debug)

.line
 *(.line)

.debug_srcinfo
 *(.debug_srcinfo)

.debug_sfnames
 *(.debug_sfnames)

.debug_aranges  0x00000000      0x318
 *(.debug_aranges)
 .debug_aranges
                0x00000000       0x28 Appl/Appl.o
 .debug_aranges
                0x00000028       0x20 Appl/main.o
 .debug_aranges
                0x00000048       0x38 Appl/OvenTempControl.o
 .debug_aranges
                0x00000080       0x38 Drivers/ADC.o
 .debug_aranges
                0x000000b8       0x38 Drivers/GPIO.o
 .debug_aranges
                0x000000f0       0x38 Drivers/Pwm.o
 .debug_aranges
                0x00000128       0x90 Hal/Hal.o
 .debug_aranges
                0x000001b8       0x20 Hal/SevenSeg.o
 .debug_aranges
                0x000001d8       0x50 System/Display.o
 .debug_aranges
                0x00000228       0x50 System/Sounds.o
 .debug_aranges
                0x00000278       0x30 System/TempSensor.o
 .debug_aranges
                0x000002a8       0x70 System/Timer.o

.debug_pubnames
 *(.debug_pubnames)

.debug_info     0x00000000     0x3e74
 *(.debug_info .gnu.linkonce.wi.*)
 .debug_info    0x00000000      0x5f4 C:/Program Files (x86)/Atmel/Studio/7.0/Packs/atmel/ATmega_DFP/1.7.374/gcc/dev/atmega328p/avr5/crtatmega328p.o
 .debug_info    0x000005f4      0x496 Appl/Appl.o
 .debug_info    0x00000a8a      0x2a0 Appl/main.o
 .debug_info    0x00000d2a      0x29a Appl/OvenTempControl.o
 .debug_info    0x00000fc4      0x514 Drivers/ADC.o
 .debug_info    0x000014d8      0x3af Drivers/GPIO.o
 .debug_info    0x00001887      0x836 Drivers/Pwm.o
 .debug_info    0x000020bd      0x951 Hal/Hal.o
 .debug_info    0x00002a0e      0x332 Hal/SevenSeg.o
 .debug_info    0x00002d40      0x451 System/Display.o
 .debug_info    0x00003191      0x6b7 System/Sounds.o
 .debug_info    0x00003848      0x1e6 System/TempSensor.o
 .debug_info    0x00003a2e      0x446 System/Timer.o

.debug_abbrev   0x00000000     0x15b2
 *(.debug_abbrev)
 .debug_abbrev  0x00000000      0x5a2 C:/Program Files (x86)/Atmel/Studio/7.0/Packs/atmel/ATmega_DFP/1.7.374/gcc/dev/atmega328p/avr5/crtatmega328p.o
 .debug_abbrev  0x000005a2       0xbd Appl/Appl.o
 .debug_abbrev  0x0000065f       0x9c Appl/main.o
 .debug_abbrev  0x000006fb      0x146 Appl/OvenTempControl.o
 .debug_abbrev  0x00000841      0x155 Drivers/ADC.o
 .debug_abbrev  0x00000996      0x16d Drivers/GPIO.o
 .debug_abbrev  0x00000b03      0x1f7 Drivers/Pwm.o
 .debug_abbrev  0x00000cfa      0x220 Hal/Hal.o
 .debug_abbrev  0x00000f1a      0x17d Hal/SevenSeg.o
 .debug_abbrev  0x00001097      0x140 System/Display.o
 .debug_abbrev  0x000011d7      0x15d System/Sounds.o
 .debug_abbrev  0x00001334      0x107 System/TempSensor.o
 .debug_abbrev  0x0000143b      0x177 System/Timer.o

.debug_line     0x00000000     0x1cb5
 *(.debug_line .debug_line.* .debug_line_end)
 .debug_line    0x00000000      0x134 C:/Program Files (x86)/Atmel/Studio/7.0/Packs/atmel/ATmega_DFP/1.7.374/gcc/dev/atmega328p/avr5/crtatmega328p.o
 .debug_line    0x00000134      0x1bd Appl/Appl.o
 .debug_line    0x000002f1      0x1e8 Appl/main.o
 .debug_line    0x000004d9      0x145 Appl/OvenTempControl.o
 .debug_line    0x0000061e      0x217 Drivers/ADC.o
 .debug_line    0x00000835      0x14a Drivers/GPIO.o
 .debug_line    0x0000097f      0x388 Drivers/Pwm.o
 .debug_line    0x00000d07      0x3ef Hal/Hal.o
 .debug_line    0x000010f6      0x1d6 Hal/SevenSeg.o
 .debug_line    0x000012cc      0x1de System/Display.o
 .debug_line    0x000014aa      0x38b System/Sounds.o
 .debug_line    0x00001835      0x10a System/TempSensor.o
 .debug_line    0x0000193f      0x376 System/Timer.o

.debug_frame    0x00000000      0x5dc
 *(.debug_frame)
 .debug_frame   0x00000000       0x34 Appl/Appl.o
 .debug_frame   0x00000034       0x24 Appl/main.o
 .debug_frame   0x00000058       0x74 Appl/OvenTempControl.o
 .debug_frame   0x000000cc       0x54 Drivers/ADC.o
 .debug_frame   0x00000120       0x54 Drivers/GPIO.o
 .debug_frame   0x00000174       0xb8 Drivers/Pwm.o
 .debug_frame   0x0000022c      0x144 Hal/Hal.o
 .debug_frame   0x00000370       0x38 Hal/SevenSeg.o
 .debug_frame   0x000003a8       0x84 System/Display.o
 .debug_frame   0x0000042c       0x84 System/Sounds.o
 .debug_frame   0x000004b0       0x54 System/TempSensor.o
 .debug_frame   0x00000504       0xd8 System/Timer.o

.debug_str      0x00000000     0x18d0
 *(.debug_str)
 .debug_str     0x00000000      0x208 C:/Program Files (x86)/Atmel/Studio/7.0/Packs/atmel/ATmega_DFP/1.7.374/gcc/dev/atmega328p/avr5/crtatmega328p.o
 .debug_str     0x00000208      0x456 Appl/Appl.o
                                0x493 (size before relaxing)
 .debug_str     0x0000065e      0x1ac Appl/main.o
                                0x357 (size before relaxing)
 .debug_str     0x0000080a      0x19e Appl/OvenTempControl.o
                                0x374 (size before relaxing)
 .debug_str     0x000009a8      0x2cd Drivers/ADC.o
                                0x497 (size before relaxing)
 .debug_str     0x00000c75      0x166 Drivers/GPIO.o
                                0x30c (size before relaxing)
 .debug_str     0x00000ddb      0x26e Drivers/Pwm.o
                                0x4c0 (size before relaxing)
 .debug_str     0x00001049      0x2e5 Hal/Hal.o
                                0x6df (size before relaxing)
 .debug_str     0x0000132e       0x75 Hal/SevenSeg.o
                                0x262 (size before relaxing)
 .debug_str     0x000013a3       0xe6 System/Display.o
                                0x3e8 (size before relaxing)
 .debug_str     0x00001489      0x259 System/Sounds.o
                                0x5bb (size before relaxing)
 .debug_str     0x000016e2       0x6f System/TempSensor.o
                                0x2a3 (size before relaxing)
 .debug_str     0x00001751      0x17f System/Timer.o
                                0x43a (size before relaxing)

.debug_loc      0x00000000     0x1381
 *(.debug_loc)
 .debug_loc     0x00000000       0xbb Appl/OvenTempControl.o
 .debug_loc     0x000000bb       0xe0 Drivers/ADC.o
 .debug_loc     0x0000019b      0x18e Drivers/GPIO.o
 .debug_loc     0x00000329      0x64f Drivers/Pwm.o
 .debug_loc     0x00000978      0x3a0 Hal/Hal.o
 .debug_loc     0x00000d18      0x116 Hal/SevenSeg.o
 .debug_loc     0x00000e2e       0x4c System/Display.o
 .debug_loc     0x00000e7a      0x1af System/Sounds.o
 .debug_loc     0x00001029       0xfe System/TempSensor.o
 .debug_loc     0x00001127      0x25a System/Timer.o

.debug_macinfo
 *(.debug_macinfo)

.debug_weaknames
 *(.debug_weaknames)

.debug_funcnames
 *(.debug_funcnames)

.debug_typenames
 *(.debug_typenames)

.debug_varnames
 *(.debug_varnames)

.debug_pubtypes
 *(.debug_pubtypes)

.debug_ranges   0x00000000      0x2e8
 *(.debug_ranges)
 .debug_ranges  0x00000000       0x18 Appl/Appl.o
 .debug_ranges  0x00000018       0x10 Appl/main.o
 .debug_ranges  0x00000028       0x28 Appl/OvenTempControl.o
 .debug_ranges  0x00000050       0x28 Drivers/ADC.o
 .debug_ranges  0x00000078       0x28 Drivers/GPIO.o
 .debug_ranges  0x000000a0       0xb8 Drivers/Pwm.o
 .debug_ranges  0x00000158       0x80 Hal/Hal.o
 .debug_ranges  0x000001d8       0x10 Hal/SevenSeg.o
 .debug_ranges  0x000001e8       0x40 System/Display.o
 .debug_ranges  0x00000228       0x40 System/Sounds.o
 .debug_ranges  0x00000268       0x20 System/TempSensor.o
 .debug_ranges  0x00000288       0x60 System/Timer.o

.debug_macro
 *(.debug_macro)
OUTPUT(Forno_ATmega328p.elf elf32-avr)
LOAD linker stubs
