Archive member included to satisfy reference by file (symbol)

c:/program files (x86)/atmel/studio/7.0/toolchain/avr8/avr8-gnu-toolchain/bin/../lib/gcc/avr/5.4.0/avr5\libgcc.a(_exit.o)
                              C:/Program Files (x86)/Atmel/Studio/7.0/Packs/atmel/ATmega_DFP/1.7.374/gcc/dev/atmega328p/avr5/crtatmega328p.o (exit)
c:/program files (x86)/atmel/studio/7.0/toolchain/avr8/avr8-gnu-toolchain/bin/../lib/gcc/avr/5.4.0/avr5\libgcc.a(_copy_data.o)
                              Drivers/ADC.o (__do_copy_data)
c:/program files (x86)/atmel/studio/7.0/toolchain/avr8/avr8-gnu-toolchain/bin/../lib/gcc/avr/5.4.0/avr5\libgcc.a(_clear_bss.o)
                              Appl/Appl.o (__do_clear_bss)

Allocating common symbols
Common symbol       size              file

AD_Channel          0x1               Hal/Hal.o
ADC_Buffer          0xc               Drivers/ADC.o
Adc_Step            0x1               Drivers/ADC.o
Hal_Leds_Buffer     0x4               Hal/Hal.o
tab                 0xc               Hal/Hal.o
Display_Keys_Map    0x1               System/Display.o
AD_Sample           0xc               Hal/Hal.o
Hal_Analog_Inputs   0xc               Hal/Hal.o
AD_Mux_State        0x1               Hal/Hal.o
User_Action         0x1               Appl/Appl.o
AD_Counter          0x6               Hal/Hal.o
Hal_Keys_Buffer     0x1               Hal/Hal.o
Timer_Counter       0x1               Appl/Appl.o
Sampling_Time       0x1               Drivers/ADC.o
Trigger             0x1               Appl/Appl.o
Toggle              0x1               Appl/Appl.o
Slot                0x1               Appl/main.o
Adc_Channel         0x1               Drivers/ADC.o
Oven_Display_State  0x1               System/Display.o
AD_Accumulator      0xc               Hal/Hal.o

Discarded input sections

 .data          0x00000000        0x0 C:/Program Files (x86)/Atmel/Studio/7.0/Packs/atmel/ATmega_DFP/1.7.374/gcc/dev/atmega328p/avr5/crtatmega328p.o
 .bss           0x00000000        0x0 C:/Program Files (x86)/Atmel/Studio/7.0/Packs/atmel/ATmega_DFP/1.7.374/gcc/dev/atmega328p/avr5/crtatmega328p.o
 .text          0x00000000        0x0 Appl/Appl.o
 .data          0x00000000        0x0 Appl/Appl.o
 .bss           0x00000000        0x0 Appl/Appl.o
 .text          0x00000000        0x0 Appl/main.o
 .data          0x00000000        0x0 Appl/main.o
 .bss           0x00000000        0x0 Appl/main.o
 .text          0x00000000        0x0 Drivers/ADC.o
 .data          0x00000000        0x0 Drivers/ADC.o
 .bss           0x00000000        0x0 Drivers/ADC.o
 .text.ADC__Initialize
                0x00000000       0x4c Drivers/ADC.o
 .rodata.ADC_BIT_CLR_MASK
                0x00000000        0x6 Drivers/ADC.o
 .rodata.ADC_BIT_SET_MASK
                0x00000000        0x6 Drivers/ADC.o
 .text          0x00000000        0x0 Drivers/GPIO.o
 .data          0x00000000        0x0 Drivers/GPIO.o
 .bss           0x00000000        0x0 Drivers/GPIO.o
 .text.GPIO_PIN_TOGGLE
                0x00000000       0x28 Drivers/GPIO.o
 .text          0x00000000        0x0 Hal/Hal.o
 .data          0x00000000        0x0 Hal/Hal.o
 .bss           0x00000000        0x0 Hal/Hal.o
 .text          0x00000000        0x0 Hal/SevenSeg.o
 .data          0x00000000        0x0 Hal/SevenSeg.o
 .bss           0x00000000        0x0 Hal/SevenSeg.o
 .rodata.SEGMENT_MAP_DIGIT
                0x00000000        0xa Hal/SevenSeg.o
 .text          0x00000000        0x0 System/Display.o
 .data          0x00000000        0x0 System/Display.o
 .bss           0x00000000        0x0 System/Display.o
 .data.ptr_last_display_write
                0x00000000        0x2 System/Display.o
 .text          0x00000000        0x0 c:/program files (x86)/atmel/studio/7.0/toolchain/avr8/avr8-gnu-toolchain/bin/../lib/gcc/avr/5.4.0/avr5\libgcc.a(_exit.o)
 .data          0x00000000        0x0 c:/program files (x86)/atmel/studio/7.0/toolchain/avr8/avr8-gnu-toolchain/bin/../lib/gcc/avr/5.4.0/avr5\libgcc.a(_exit.o)
 .bss           0x00000000        0x0 c:/program files (x86)/atmel/studio/7.0/toolchain/avr8/avr8-gnu-toolchain/bin/../lib/gcc/avr/5.4.0/avr5\libgcc.a(_exit.o)
 .text.libgcc.mul
                0x00000000        0x0 c:/program files (x86)/atmel/studio/7.0/toolchain/avr8/avr8-gnu-toolchain/bin/../lib/gcc/avr/5.4.0/avr5\libgcc.a(_exit.o)
 .text.libgcc.div
                0x00000000        0x0 c:/program files (x86)/atmel/studio/7.0/toolchain/avr8/avr8-gnu-toolchain/bin/../lib/gcc/avr/5.4.0/avr5\libgcc.a(_exit.o)
 .text.libgcc   0x00000000        0x0 c:/program files (x86)/atmel/studio/7.0/toolchain/avr8/avr8-gnu-toolchain/bin/../lib/gcc/avr/5.4.0/avr5\libgcc.a(_exit.o)
 .text.libgcc.prologue
                0x00000000        0x0 c:/program files (x86)/atmel/studio/7.0/toolchain/avr8/avr8-gnu-toolchain/bin/../lib/gcc/avr/5.4.0/avr5\libgcc.a(_exit.o)
 .text.libgcc.builtins
                0x00000000        0x0 c:/program files (x86)/atmel/studio/7.0/toolchain/avr8/avr8-gnu-toolchain/bin/../lib/gcc/avr/5.4.0/avr5\libgcc.a(_exit.o)
 .text.libgcc.fmul
                0x00000000        0x0 c:/program files (x86)/atmel/studio/7.0/toolchain/avr8/avr8-gnu-toolchain/bin/../lib/gcc/avr/5.4.0/avr5\libgcc.a(_exit.o)
 .text.libgcc.fixed
                0x00000000        0x0 c:/program files (x86)/atmel/studio/7.0/toolchain/avr8/avr8-gnu-toolchain/bin/../lib/gcc/avr/5.4.0/avr5\libgcc.a(_exit.o)
 .text          0x00000000        0x0 c:/program files (x86)/atmel/studio/7.0/toolchain/avr8/avr8-gnu-toolchain/bin/../lib/gcc/avr/5.4.0/avr5\libgcc.a(_copy_data.o)
 .data          0x00000000        0x0 c:/program files (x86)/atmel/studio/7.0/toolchain/avr8/avr8-gnu-toolchain/bin/../lib/gcc/avr/5.4.0/avr5\libgcc.a(_copy_data.o)
 .bss           0x00000000        0x0 c:/program files (x86)/atmel/studio/7.0/toolchain/avr8/avr8-gnu-toolchain/bin/../lib/gcc/avr/5.4.0/avr5\libgcc.a(_copy_data.o)
 .text.libgcc.mul
                0x00000000        0x0 c:/program files (x86)/atmel/studio/7.0/toolchain/avr8/avr8-gnu-toolchain/bin/../lib/gcc/avr/5.4.0/avr5\libgcc.a(_copy_data.o)
 .text.libgcc.div
                0x00000000        0x0 c:/program files (x86)/atmel/studio/7.0/toolchain/avr8/avr8-gnu-toolchain/bin/../lib/gcc/avr/5.4.0/avr5\libgcc.a(_copy_data.o)
 .text.libgcc   0x00000000        0x0 c:/program files (x86)/atmel/studio/7.0/toolchain/avr8/avr8-gnu-toolchain/bin/../lib/gcc/avr/5.4.0/avr5\libgcc.a(_copy_data.o)
 .text.libgcc.prologue
                0x00000000        0x0 c:/program files (x86)/atmel/studio/7.0/toolchain/avr8/avr8-gnu-toolchain/bin/../lib/gcc/avr/5.4.0/avr5\libgcc.a(_copy_data.o)
 .text.libgcc.builtins
                0x00000000        0x0 c:/program files (x86)/atmel/studio/7.0/toolchain/avr8/avr8-gnu-toolchain/bin/../lib/gcc/avr/5.4.0/avr5\libgcc.a(_copy_data.o)
 .text.libgcc.fmul
                0x00000000        0x0 c:/program files (x86)/atmel/studio/7.0/toolchain/avr8/avr8-gnu-toolchain/bin/../lib/gcc/avr/5.4.0/avr5\libgcc.a(_copy_data.o)
 .text.libgcc.fixed
                0x00000000        0x0 c:/program files (x86)/atmel/studio/7.0/toolchain/avr8/avr8-gnu-toolchain/bin/../lib/gcc/avr/5.4.0/avr5\libgcc.a(_copy_data.o)
 .text          0x00000000        0x0 c:/program files (x86)/atmel/studio/7.0/toolchain/avr8/avr8-gnu-toolchain/bin/../lib/gcc/avr/5.4.0/avr5\libgcc.a(_clear_bss.o)
 .data          0x00000000        0x0 c:/program files (x86)/atmel/studio/7.0/toolchain/avr8/avr8-gnu-toolchain/bin/../lib/gcc/avr/5.4.0/avr5\libgcc.a(_clear_bss.o)
 .bss           0x00000000        0x0 c:/program files (x86)/atmel/studio/7.0/toolchain/avr8/avr8-gnu-toolchain/bin/../lib/gcc/avr/5.4.0/avr5\libgcc.a(_clear_bss.o)
 .text.libgcc.mul
                0x00000000        0x0 c:/program files (x86)/atmel/studio/7.0/toolchain/avr8/avr8-gnu-toolchain/bin/../lib/gcc/avr/5.4.0/avr5\libgcc.a(_clear_bss.o)
 .text.libgcc.div
                0x00000000        0x0 c:/program files (x86)/atmel/studio/7.0/toolchain/avr8/avr8-gnu-toolchain/bin/../lib/gcc/avr/5.4.0/avr5\libgcc.a(_clear_bss.o)
 .text.libgcc   0x00000000        0x0 c:/program files (x86)/atmel/studio/7.0/toolchain/avr8/avr8-gnu-toolchain/bin/../lib/gcc/avr/5.4.0/avr5\libgcc.a(_clear_bss.o)
 .text.libgcc.prologue
                0x00000000        0x0 c:/program files (x86)/atmel/studio/7.0/toolchain/avr8/avr8-gnu-toolchain/bin/../lib/gcc/avr/5.4.0/avr5\libgcc.a(_clear_bss.o)
 .text.libgcc.builtins
                0x00000000        0x0 c:/program files (x86)/atmel/studio/7.0/toolchain/avr8/avr8-gnu-toolchain/bin/../lib/gcc/avr/5.4.0/avr5\libgcc.a(_clear_bss.o)
 .text.libgcc.fmul
                0x00000000        0x0 c:/program files (x86)/atmel/studio/7.0/toolchain/avr8/avr8-gnu-toolchain/bin/../lib/gcc/avr/5.4.0/avr5\libgcc.a(_clear_bss.o)
 .text.libgcc.fixed
                0x00000000        0x0 c:/program files (x86)/atmel/studio/7.0/toolchain/avr8/avr8-gnu-toolchain/bin/../lib/gcc/avr/5.4.0/avr5\libgcc.a(_clear_bss.o)

Memory Configuration

Name             Origin             Length             Attributes
text             0x00000000         0x00008000         xr
data             0x00800100         0x00000800         rw !x
eeprom           0x00810000         0x00000400         rw !x
fuse             0x00820000         0x00000003         rw !x
lock             0x00830000         0x00000400         rw !x
signature        0x00840000         0x00000400         rw !x
user_signatures  0x00850000         0x00000400         rw !x
*default*        0x00000000         0xffffffff

Linker script and memory map

Address of section .data set to 0x800100
LOAD C:/Program Files (x86)/Atmel/Studio/7.0/Packs/atmel/ATmega_DFP/1.7.374/gcc/dev/atmega328p/avr5/crtatmega328p.o
LOAD Appl/Appl.o
LOAD Appl/main.o
LOAD Drivers/ADC.o
LOAD Drivers/GPIO.o
LOAD Hal/Hal.o
LOAD Hal/SevenSeg.o
LOAD System/Display.o
START GROUP
LOAD c:/program files (x86)/atmel/studio/7.0/toolchain/avr8/avr8-gnu-toolchain/bin/../lib/gcc/avr/5.4.0/../../../../avr/lib/avr5\libm.a
END GROUP
START GROUP
LOAD c:/program files (x86)/atmel/studio/7.0/toolchain/avr8/avr8-gnu-toolchain/bin/../lib/gcc/avr/5.4.0/avr5\libgcc.a
LOAD c:/program files (x86)/atmel/studio/7.0/toolchain/avr8/avr8-gnu-toolchain/bin/../lib/gcc/avr/5.4.0/../../../../avr/lib/avr5\libm.a
LOAD c:/program files (x86)/atmel/studio/7.0/toolchain/avr8/avr8-gnu-toolchain/bin/../lib/gcc/avr/5.4.0/../../../../avr/lib/avr5\libc.a
LOAD C:/Program Files (x86)/Atmel/Studio/7.0/Packs/atmel/ATmega_DFP/1.7.374/gcc/dev/atmega328p/avr5\libatmega328p.a
END GROUP
                0x00000000                __TEXT_REGION_ORIGIN__ = DEFINED (__TEXT_REGION_ORIGIN__)?__TEXT_REGION_ORIGIN__:0x0
                [0x00800100]                __DATA_REGION_ORIGIN__ = DEFINED (__DATA_REGION_ORIGIN__)?__DATA_REGION_ORIGIN__:0x800060
                [0x00008000]                __TEXT_REGION_LENGTH__ = DEFINED (__TEXT_REGION_LENGTH__)?__TEXT_REGION_LENGTH__:0x20000
                [0x00000800]                __DATA_REGION_LENGTH__ = DEFINED (__DATA_REGION_LENGTH__)?__DATA_REGION_LENGTH__:0xffa0
                [0x00000400]                __EEPROM_REGION_LENGTH__ = DEFINED (__EEPROM_REGION_LENGTH__)?__EEPROM_REGION_LENGTH__:0x10000
                [0x00000003]                __FUSE_REGION_LENGTH__ = DEFINED (__FUSE_REGION_LENGTH__)?__FUSE_REGION_LENGTH__:0x400
                0x00000400                __LOCK_REGION_LENGTH__ = DEFINED (__LOCK_REGION_LENGTH__)?__LOCK_REGION_LENGTH__:0x400
                0x00000400                __SIGNATURE_REGION_LENGTH__ = DEFINED (__SIGNATURE_REGION_LENGTH__)?__SIGNATURE_REGION_LENGTH__:0x400
                0x00000400                __USER_SIGNATURE_REGION_LENGTH__ = DEFINED (__USER_SIGNATURE_REGION_LENGTH__)?__USER_SIGNATURE_REGION_LENGTH__:0x400

.hash
 *(.hash)

.dynsym
 *(.dynsym)

.dynstr
 *(.dynstr)

.gnu.version
 *(.gnu.version)

.gnu.version_d
 *(.gnu.version_d)

.gnu.version_r
 *(.gnu.version_r)

.rel.init
 *(.rel.init)

.rela.init
 *(.rela.init)

.rel.text
 *(.rel.text)
 *(.rel.text.*)
 *(.rel.gnu.linkonce.t*)

.rela.text
 *(.rela.text)
 *(.rela.text.*)
 *(.rela.gnu.linkonce.t*)

.rel.fini
 *(.rel.fini)

.rela.fini
 *(.rela.fini)

.rel.rodata
 *(.rel.rodata)
 *(.rel.rodata.*)
 *(.rel.gnu.linkonce.r*)

.rela.rodata
 *(.rela.rodata)
 *(.rela.rodata.*)
 *(.rela.gnu.linkonce.r*)

.rel.data
 *(.rel.data)
 *(.rel.data.*)
 *(.rel.gnu.linkonce.d*)

.rela.data
 *(.rela.data)
 *(.rela.data.*)
 *(.rela.gnu.linkonce.d*)

.rel.ctors
 *(.rel.ctors)

.rela.ctors
 *(.rela.ctors)

.rel.dtors
 *(.rel.dtors)

.rela.dtors
 *(.rela.dtors)

.rel.got
 *(.rel.got)

.rela.got
 *(.rela.got)

.rel.bss
 *(.rel.bss)

.rela.bss
 *(.rela.bss)

.rel.plt
 *(.rel.plt)

.rela.plt
 *(.rela.plt)

.text           0x00000000      0x8da
 *(.vectors)
 .vectors       0x00000000       0x68 C:/Program Files (x86)/Atmel/Studio/7.0/Packs/atmel/ATmega_DFP/1.7.374/gcc/dev/atmega328p/avr5/crtatmega328p.o
                0x00000000                __vector_default
                0x00000000                __vectors
 *(.vectors)
 *(.progmem.gcc*)
                0x00000068                . = ALIGN (0x2)
                0x00000068                __trampolines_start = .
 *(.trampolines)
 .trampolines   0x00000068        0x0 linker stubs
 *(.trampolines*)
                0x00000068                __trampolines_end = .
 *libprintf_flt.a:*(.progmem.data)
 *libc.a:*(.progmem.data)
 *(.progmem*)
                0x00000068                . = ALIGN (0x2)
 *(.jumptables)
 *(.jumptables*)
 *(.lowtext)
 *(.lowtext*)
                0x00000068                __ctors_start = .
 *(.ctors)
                0x00000068                __ctors_end = .
                0x00000068                __dtors_start = .
 *(.dtors)
                0x00000068                __dtors_end = .
 SORT(*)(.ctors)
 SORT(*)(.dtors)
 *(.init0)
 .init0         0x00000068        0x0 C:/Program Files (x86)/Atmel/Studio/7.0/Packs/atmel/ATmega_DFP/1.7.374/gcc/dev/atmega328p/avr5/crtatmega328p.o
                0x00000068                __init
 *(.init0)
 *(.init1)
 *(.init1)
 *(.init2)
 .init2         0x00000068        0xc C:/Program Files (x86)/Atmel/Studio/7.0/Packs/atmel/ATmega_DFP/1.7.374/gcc/dev/atmega328p/avr5/crtatmega328p.o
 *(.init2)
 *(.init3)
 *(.init3)
 *(.init4)
 .init4         0x00000074       0x16 c:/program files (x86)/atmel/studio/7.0/toolchain/avr8/avr8-gnu-toolchain/bin/../lib/gcc/avr/5.4.0/avr5\libgcc.a(_copy_data.o)
                0x00000074                __do_copy_data
 .init4         0x0000008a       0x10 c:/program files (x86)/atmel/studio/7.0/toolchain/avr8/avr8-gnu-toolchain/bin/../lib/gcc/avr/5.4.0/avr5\libgcc.a(_clear_bss.o)
                0x0000008a                __do_clear_bss
 *(.init4)
 *(.init5)
 *(.init5)
 *(.init6)
 *(.init6)
 *(.init7)
 *(.init7)
 *(.init8)
 *(.init8)
 *(.init9)
 .init9         0x0000009a        0x8 C:/Program Files (x86)/Atmel/Studio/7.0/Packs/atmel/ATmega_DFP/1.7.374/gcc/dev/atmega328p/avr5/crtatmega328p.o
 *(.init9)
 *(.text)
 .text          0x000000a2        0x4 C:/Program Files (x86)/Atmel/Studio/7.0/Packs/atmel/ATmega_DFP/1.7.374/gcc/dev/atmega328p/avr5/crtatmega328p.o
                0x000000a2                __vector_22
                0x000000a2                __vector_1
                0x000000a2                __vector_24
                0x000000a2                __vector_12
                0x000000a2                __bad_interrupt
                0x000000a2                __vector_6
                0x000000a2                __vector_3
                0x000000a2                __vector_23
                0x000000a2                __vector_25
                0x000000a2                __vector_11
                0x000000a2                __vector_13
                0x000000a2                __vector_17
                0x000000a2                __vector_19
                0x000000a2                __vector_7
                0x000000a2                __vector_5
                0x000000a2                __vector_4
                0x000000a2                __vector_9
                0x000000a2                __vector_2
                0x000000a2                __vector_21
                0x000000a2                __vector_15
                0x000000a2                __vector_8
                0x000000a2                __vector_14
                0x000000a2                __vector_10
                0x000000a2                __vector_16
                0x000000a2                __vector_18
                0x000000a2                __vector_20
                0x000000a6                . = ALIGN (0x2)
 *(.text.*)
 .text.Appl__Initialize
                0x000000a6        0x8 Appl/Appl.o
                0x000000a6                Appl__Initialize
 .text.Appl__Handler
                0x000000ae       0x3c Appl/Appl.o
                0x000000ae                Appl__Handler
 .text.main     0x000000ea       0x5c Appl/main.o
                0x000000ea                main
 .text.ADC__Handler
                0x00000146       0xde Drivers/ADC.o
                0x00000146                ADC__Handler
 .text.ADC__ConfigModes
                0x00000224       0x58 Drivers/ADC.o
                0x00000224                ADC__ConfigModes
 .text.ADC__GetValue
                0x0000027c       0x1c Drivers/ADC.o
                0x0000027c                ADC__GetValue
 .text.GPIO_CONFIG
                0x00000298       0x5c Drivers/GPIO.o
                0x00000298                GPIO_CONFIG
 .text.GPIO_PIN_WRITE
                0x000002f4       0x44 Drivers/GPIO.o
                0x000002f4                GPIO_PIN_WRITE
 .text.GPIO_PIN_READ
                0x00000338       0x26 Drivers/GPIO.o
                0x00000338                GPIO_PIN_READ
 .text.Hal__Initialize
                0x0000035e       0xb2 Hal/Hal.o
                0x0000035e                Hal__Initialize
 .text.Hal__SetLed
                0x00000410       0x1a Hal/Hal.o
                0x00000410                Hal__SetLed
 .text.Hal__SetAllLeds
                0x0000042a       0x26 Hal/Hal.o
                0x0000042a                Hal__SetAllLeds
 .text.Hal__ReadKey
                0x00000450       0x2e Hal/Hal.o
                0x00000450                Hal__ReadKey
 .text.Hal__ReadAllKey
                0x0000047e       0x34 Hal/Hal.o
                0x0000047e                Hal__ReadAllKey
 .text.Hal__WriteValtoSegment
                0x000004b2        0x6 Hal/Hal.o
                0x000004b2                Hal__WriteValtoSegment
 .text.Hal_GetAnalogInput
                0x000004b8       0x18 Hal/Hal.o
                0x000004b8                Hal_GetAnalogInput
 .text.LEDsUpdate
                0x000004d0       0x44 Hal/Hal.o
                0x000004d0                LEDsUpdate
 .text.KeysRead
                0x00000514       0x86 Hal/Hal.o
                0x00000514                KeysRead
 .text.Hal__FastHandler
                0x0000059a        0xa Hal/Hal.o
                0x0000059a                Hal__FastHandler
 .text.ADProcess
                0x000005a4       0xe4 Hal/Hal.o
                0x000005a4                ADProcess
 .text.Hal__BackgroundHandler
                0x00000688        0x6 Hal/Hal.o
                0x00000688                Hal__BackgroundHandler
 .text.SevenSeg_WriteValueToSegment
                0x0000068e       0xea Hal/SevenSeg.o
                0x0000068e                SevenSeg_WriteValueToSegment
 .text.Display__Initialize
                0x00000778        0xc System/Display.o
                0x00000778                Display__Initialize
 .text.Display__SetState
                0x00000784        0xa System/Display.o
                0x00000784                Display__SetState
 .text.UpdateDisplayLeds
                0x0000078e       0xd6 System/Display.o
                0x0000078e                UpdateDisplayLeds
 .text.ReadDisplayKeys
                0x00000864       0x32 System/Display.o
                0x00000864                ReadDisplayKeys
 .text.Display__GetEvent
                0x00000896        0xa System/Display.o
                0x00000896                Display__GetEvent
 .text.UpdateDisplaySevenSeg
                0x000008a0       0x2c System/Display.o
                0x000008a0                UpdateDisplaySevenSeg
 .text.Display__Handler
                0x000008cc        0xa System/Display.o
                0x000008cc                Display__Handler
                0x000008d6                . = ALIGN (0x2)
 *(.fini9)
 .fini9         0x000008d6        0x0 c:/program files (x86)/atmel/studio/7.0/toolchain/avr8/avr8-gnu-toolchain/bin/../lib/gcc/avr/5.4.0/avr5\libgcc.a(_exit.o)
                0x000008d6                _exit
                0x000008d6                exit
 *(.fini9)
 *(.fini8)
 *(.fini8)
 *(.fini7)
 *(.fini7)
 *(.fini6)
 *(.fini6)
 *(.fini5)
 *(.fini5)
 *(.fini4)
 *(.fini4)
 *(.fini3)
 *(.fini3)
 *(.fini2)
 *(.fini2)
 *(.fini1)
 *(.fini1)
 *(.fini0)
 .fini0         0x000008d6        0x4 c:/program files (x86)/atmel/studio/7.0/toolchain/avr8/avr8-gnu-toolchain/bin/../lib/gcc/avr/5.4.0/avr5\libgcc.a(_exit.o)
 *(.fini0)
                0x000008da                _etext = .

.data           0x00800100       0x54 load address 0x000008da
                0x00800100                PROVIDE (__data_start, .)
 *(.data)
 *(.data*)
 .data.GPIO_DATA_LIST
                0x00800100        0x6 Drivers/GPIO.o
                0x00800100                GPIO_DATA_LIST
 .data.KEYS_GPIO
                0x00800106        0x8 Hal/Hal.o
                0x00800106                KEYS_GPIO
 .data.LED_GPIO
                0x0080010e        0x8 Hal/Hal.o
                0x0080010e                LED_GPIO
 *(.gnu.linkonce.d*)
 *(.rodata)
 *(.rodata*)
 .rodata.Adc_Enable_Table
                0x00800116        0x6 Drivers/ADC.o
                0x00800116                Adc_Enable_Table
 .rodata.GPIO_PIN_CLR_MASK
                0x0080011c        0x8 Drivers/GPIO.o
                0x0080011c                GPIO_PIN_CLR_MASK
 .rodata.GPIO_PIN_SET_MASK
                0x00800124        0x8 Drivers/GPIO.o
                0x00800124                GPIO_PIN_SET_MASK
 .rodata.AD_Channel_Table
                0x0080012c        0x6 Hal/Hal.o
                0x0080012c                AD_Channel_Table
 .rodata.AD_Enable_Table
                0x00800132        0x6 Hal/Hal.o
                0x00800132                AD_Enable_Table
 .rodata.Keys_Enable_Table
                0x00800138        0x4 Hal/Hal.o
                0x00800138                Keys_Enable_Table
 .rodata.Leds_Enable_Table
                0x0080013c        0x4 Hal/Hal.o
                0x0080013c                Leds_Enable_Table
 .rodata.SEGMENT_SELECT
                0x00800140        0x4 Hal/SevenSeg.o
                0x00800140                SEGMENT_SELECT
 .rodata.MAXIMO_DIGITO
                0x00800144        0x4 System/Display.o
                0x00800144                MAXIMO_DIGITO
 .rodata.MEDIO_DIGITO
                0x00800148        0x4 System/Display.o
                0x00800148                MEDIO_DIGITO
 .rodata.MINIMO_DIGITO
                0x0080014c        0x4 System/Display.o
                0x0080014c                MINIMO_DIGITO
 .rodata.ZERADO_DIGITO
                0x00800150        0x4 System/Display.o
                0x00800150                ZERADO_DIGITO
 *(.gnu.linkonce.r*)
                0x00800154                . = ALIGN (0x2)
                0x00800154                _edata = .
                0x00800154                PROVIDE (__data_end, .)

.bss            0x00800154       0x53
                0x00800154                PROVIDE (__bss_start, .)
 *(.bss)
 *(.bss*)
 *(COMMON)
 COMMON         0x00800154        0x4 Appl/Appl.o
                0x00800154                User_Action
                0x00800155                Timer_Counter
                0x00800156                Trigger
                0x00800157                Toggle
 COMMON         0x00800158        0x1 Appl/main.o
                0x00800158                Slot
 COMMON         0x00800159        0xf Drivers/ADC.o
                0x00800159                ADC_Buffer
                0x00800165                Adc_Step
                0x00800166                Sampling_Time
                0x00800167                Adc_Channel
 COMMON         0x00800168       0x3d Hal/Hal.o
                0x00800168                AD_Channel
                0x00800169                Hal_Leds_Buffer
                0x0080016d                tab
                0x00800179                AD_Sample
                0x00800185                Hal_Analog_Inputs
                0x00800191                AD_Mux_State
                0x00800192                AD_Counter
                0x00800198                Hal_Keys_Buffer
                0x00800199                AD_Accumulator
 COMMON         0x008001a5        0x2 System/Display.o
                0x008001a5                Display_Keys_Map
                0x008001a6                Oven_Display_State
                0x008001a7                PROVIDE (__bss_end, .)
                0x000008da                __data_load_start = LOADADDR (.data)
                0x0000092e                __data_load_end = (__data_load_start + SIZEOF (.data))

.noinit         0x008001a7        0x0
                [!provide]                PROVIDE (__noinit_start, .)
 *(.noinit*)
                [!provide]                PROVIDE (__noinit_end, .)
                0x008001a7                _end = .
                [!provide]                PROVIDE (__heap_start, .)

.eeprom         0x00810000        0x0
 *(.eeprom*)
                0x00810000                __eeprom_end = .

.fuse
 *(.fuse)
 *(.lfuse)
 *(.hfuse)
 *(.efuse)

.lock
 *(.lock*)

.signature
 *(.signature*)

.user_signatures
 *(.user_signatures*)

.stab
 *(.stab)

.stabstr
 *(.stabstr)

.stab.excl
 *(.stab.excl)

.stab.exclstr
 *(.stab.exclstr)

.stab.index
 *(.stab.index)

.stab.indexstr
 *(.stab.indexstr)

.comment        0x00000000       0x30
 *(.comment)
 .comment       0x00000000       0x30 Appl/Appl.o
                                 0x31 (size before relaxing)
 .comment       0x00000030       0x31 Appl/main.o
 .comment       0x00000030       0x31 Drivers/ADC.o
 .comment       0x00000030       0x31 Drivers/GPIO.o
 .comment       0x00000030       0x31 Hal/Hal.o
 .comment       0x00000030       0x31 Hal/SevenSeg.o
 .comment       0x00000030       0x31 System/Display.o

.note.gnu.avr.deviceinfo
                0x00000000       0x40
 .note.gnu.avr.deviceinfo
                0x00000000       0x40 C:/Program Files (x86)/Atmel/Studio/7.0/Packs/atmel/ATmega_DFP/1.7.374/gcc/dev/atmega328p/avr5/crtatmega328p.o

.note.gnu.build-id
 *(.note.gnu.build-id)

.debug
 *(.debug)

.line
 *(.line)

.debug_srcinfo
 *(.debug_srcinfo)

.debug_sfnames
 *(.debug_sfnames)

.debug_aranges  0x00000000      0x1a0
 *(.debug_aranges)
 .debug_aranges
                0x00000000       0x28 Appl/Appl.o
 .debug_aranges
                0x00000028       0x20 Appl/main.o
 .debug_aranges
                0x00000048       0x38 Drivers/ADC.o
 .debug_aranges
                0x00000080       0x38 Drivers/GPIO.o
 .debug_aranges
                0x000000b8       0x78 Hal/Hal.o
 .debug_aranges
                0x00000130       0x20 Hal/SevenSeg.o
 .debug_aranges
                0x00000150       0x50 System/Display.o

.debug_pubnames
 *(.debug_pubnames)

.debug_info     0x00000000     0x2244
 *(.debug_info .gnu.linkonce.wi.*)
 .debug_info    0x00000000      0x5f4 C:/Program Files (x86)/Atmel/Studio/7.0/Packs/atmel/ATmega_DFP/1.7.374/gcc/dev/atmega328p/avr5/crtatmega328p.o
 .debug_info    0x000005f4      0x1b3 Appl/Appl.o
 .debug_info    0x000007a7      0x1ae Appl/main.o
 .debug_info    0x00000955      0x514 Drivers/ADC.o
 .debug_info    0x00000e69      0x3af Drivers/GPIO.o
 .debug_info    0x00001218      0x7a7 Hal/Hal.o
 .debug_info    0x000019bf      0x332 Hal/SevenSeg.o
 .debug_info    0x00001cf1      0x553 System/Display.o

.debug_abbrev   0x00000000      0xe96
 *(.debug_abbrev)
 .debug_abbrev  0x00000000      0x5a2 C:/Program Files (x86)/Atmel/Studio/7.0/Packs/atmel/ATmega_DFP/1.7.374/gcc/dev/atmega328p/avr5/crtatmega328p.o
 .debug_abbrev  0x000005a2       0xd5 Appl/Appl.o
 .debug_abbrev  0x00000677       0x9c Appl/main.o
 .debug_abbrev  0x00000713      0x155 Drivers/ADC.o
 .debug_abbrev  0x00000868      0x16d Drivers/GPIO.o
 .debug_abbrev  0x000009d5      0x1d2 Hal/Hal.o
 .debug_abbrev  0x00000ba7      0x17d Hal/SevenSeg.o
 .debug_abbrev  0x00000d24      0x172 System/Display.o

.debug_line     0x00000000      0xd72
 *(.debug_line .debug_line.* .debug_line_end)
 .debug_line    0x00000000      0x134 C:/Program Files (x86)/Atmel/Studio/7.0/Packs/atmel/ATmega_DFP/1.7.374/gcc/dev/atmega328p/avr5/crtatmega328p.o
 .debug_line    0x00000134       0xad Appl/Appl.o
 .debug_line    0x000001e1       0xd5 Appl/main.o
 .debug_line    0x000002b6      0x217 Drivers/ADC.o
 .debug_line    0x000004cd      0x14a Drivers/GPIO.o
 .debug_line    0x00000617      0x389 Hal/Hal.o
 .debug_line    0x000009a0      0x1d6 Hal/SevenSeg.o
 .debug_line    0x00000b76      0x1fc System/Display.o

.debug_frame    0x00000000      0x2d8
 *(.debug_frame)
 .debug_frame   0x00000000       0x34 Appl/Appl.o
 .debug_frame   0x00000034       0x24 Appl/main.o
 .debug_frame   0x00000058       0x54 Drivers/ADC.o
 .debug_frame   0x000000ac       0x54 Drivers/GPIO.o
 .debug_frame   0x00000100      0x110 Hal/Hal.o
 .debug_frame   0x00000210       0x38 Hal/SevenSeg.o
 .debug_frame   0x00000248       0x90 System/Display.o

.debug_str      0x00000000      0xdf9
 *(.debug_str)
 .debug_str     0x00000000      0x208 C:/Program Files (x86)/Atmel/Studio/7.0/Packs/atmel/ATmega_DFP/1.7.374/gcc/dev/atmega328p/avr5/crtatmega328p.o
 .debug_str     0x00000208      0x251 Appl/Appl.o
                                0x285 (size before relaxing)
 .debug_str     0x00000459       0xf4 Appl/main.o
                                0x275 (size before relaxing)
 .debug_str     0x0000054d      0x2fe Drivers/ADC.o
                                0x49a (size before relaxing)
 .debug_str     0x0000084b      0x166 Drivers/GPIO.o
                                0x30f (size before relaxing)
 .debug_str     0x000009b1      0x2d0 Hal/Hal.o
                                0x60d (size before relaxing)
 .debug_str     0x00000c81       0x86 Hal/SevenSeg.o
                                0x265 (size before relaxing)
 .debug_str     0x00000d07       0xf2 System/Display.o
                                0x47d (size before relaxing)

.debug_loc      0x00000000      0x71e
 *(.debug_loc)
 .debug_loc     0x00000000       0xe0 Drivers/ADC.o
 .debug_loc     0x000000e0      0x18e Drivers/GPIO.o
 .debug_loc     0x0000026e      0x2f7 Hal/Hal.o
 .debug_loc     0x00000565      0x116 Hal/SevenSeg.o
 .debug_loc     0x0000067b       0xa3 System/Display.o

.debug_macinfo
 *(.debug_macinfo)

.debug_weaknames
 *(.debug_weaknames)

.debug_funcnames
 *(.debug_funcnames)

.debug_typenames
 *(.debug_typenames)

.debug_varnames
 *(.debug_varnames)

.debug_pubtypes
 *(.debug_pubtypes)

.debug_ranges   0x00000000      0x130
 *(.debug_ranges)
 .debug_ranges  0x00000000       0x18 Appl/Appl.o
 .debug_ranges  0x00000018       0x10 Appl/main.o
 .debug_ranges  0x00000028       0x28 Drivers/ADC.o
 .debug_ranges  0x00000050       0x28 Drivers/GPIO.o
 .debug_ranges  0x00000078       0x68 Hal/Hal.o
 .debug_ranges  0x000000e0       0x10 Hal/SevenSeg.o
 .debug_ranges  0x000000f0       0x40 System/Display.o

.debug_macro
 *(.debug_macro)
OUTPUT(Forno_ATmega328p.elf elf32-avr)
LOAD linker stubs
